Component: ARM Compiler 5.06 update 5 (build 528) Tool: armlink [4d35e2]

==============================================================================

Section Cross References

    startup_stm32f103xb.o(STACK) refers (Special) to heapauxi.o(.text) for __use_two_region_memory
    startup_stm32f103xb.o(HEAP) refers (Special) to heapauxi.o(.text) for __use_two_region_memory
    startup_stm32f103xb.o(RESET) refers (Special) to heapauxi.o(.text) for __use_two_region_memory
    startup_stm32f103xb.o(RESET) refers to startup_stm32f103xb.o(STACK) for __initial_sp
    startup_stm32f103xb.o(RESET) refers to startup_stm32f103xb.o(.text) for Reset_Handler
    startup_stm32f103xb.o(RESET) refers to stm32f1xx_it.o(i.NMI_Handler) for NMI_Handler
    startup_stm32f103xb.o(RESET) refers to stm32f1xx_it.o(i.HardFault_Handler) for HardFault_Handler
    startup_stm32f103xb.o(RESET) refers to stm32f1xx_it.o(i.MemManage_Handler) for MemManage_Handler
    startup_stm32f103xb.o(RESET) refers to stm32f1xx_it.o(i.BusFault_Handler) for BusFault_Handler
    startup_stm32f103xb.o(RESET) refers to stm32f1xx_it.o(i.UsageFault_Handler) for UsageFault_Handler
    startup_stm32f103xb.o(RESET) refers to port.o(.emb_text) for SVC_Handler
    startup_stm32f103xb.o(RESET) refers to stm32f1xx_it.o(i.DebugMon_Handler) for DebugMon_Handler
    startup_stm32f103xb.o(RESET) refers to stm32f1xx_it.o(i.SysTick_Handler) for SysTick_Handler
    startup_stm32f103xb.o(RESET) refers to stm32f1xx_it.o(i.DMA1_Channel3_IRQHandler) for DMA1_Channel3_IRQHandler
    startup_stm32f103xb.o(RESET) refers to stm32f1xx_it.o(i.TIM3_IRQHandler) for TIM3_IRQHandler
    startup_stm32f103xb.o(RESET) refers to stm32f1xx_it.o(i.USART3_IRQHandler) for USART3_IRQHandler
    startup_stm32f103xb.o(.text) refers (Special) to heapauxi.o(.text) for __use_two_region_memory
    startup_stm32f103xb.o(.text) refers to system_stm32f1xx.o(i.SystemInit) for SystemInit
    startup_stm32f103xb.o(.text) refers to __main.o(!!!main) for __main
    startup_stm32f103xb.o(.text) refers to startup_stm32f103xb.o(HEAP) for Heap_Mem
    startup_stm32f103xb.o(.text) refers to startup_stm32f103xb.o(STACK) for Stack_Mem
    stm32f1xx_hal_tim.o(i.HAL_TIM_Base_DeInit) refers to tim.o(i.HAL_TIM_Base_MspDeInit) for HAL_TIM_Base_MspDeInit
    stm32f1xx_hal_tim.o(i.HAL_TIM_Base_Init) refers to tim.o(i.HAL_TIM_Base_MspInit) for HAL_TIM_Base_MspInit
    stm32f1xx_hal_tim.o(i.HAL_TIM_Base_Init) refers to stm32f1xx_hal_tim.o(i.TIM_Base_SetConfig) for TIM_Base_SetConfig
    stm32f1xx_hal_tim.o(i.HAL_TIM_Base_Start_DMA) refers to stm32f1xx_hal_dma.o(i.HAL_DMA_Start_IT) for HAL_DMA_Start_IT
    stm32f1xx_hal_tim.o(i.HAL_TIM_Base_Start_DMA) refers to stm32f1xx_hal_tim.o(i.TIM_DMAPeriodElapsedCplt) for TIM_DMAPeriodElapsedCplt
    stm32f1xx_hal_tim.o(i.HAL_TIM_Base_Start_DMA) refers to stm32f1xx_hal_tim.o(i.TIM_DMAPeriodElapsedHalfCplt) for TIM_DMAPeriodElapsedHalfCplt
    stm32f1xx_hal_tim.o(i.HAL_TIM_Base_Start_DMA) refers to stm32f1xx_hal_tim.o(i.TIM_DMAError) for TIM_DMAError
    stm32f1xx_hal_tim.o(i.HAL_TIM_Base_Stop_DMA) refers to stm32f1xx_hal_dma.o(i.HAL_DMA_Abort_IT) for HAL_DMA_Abort_IT
    stm32f1xx_hal_tim.o(i.HAL_TIM_ConfigClockSource) refers to stm32f1xx_hal_tim.o(i.TIM_ETR_SetConfig) for TIM_ETR_SetConfig
    stm32f1xx_hal_tim.o(i.HAL_TIM_ConfigClockSource) refers to stm32f1xx_hal_tim.o(i.TIM_TI1_ConfigInputStage) for TIM_TI1_ConfigInputStage
    stm32f1xx_hal_tim.o(i.HAL_TIM_ConfigClockSource) refers to stm32f1xx_hal_tim.o(i.TIM_ITRx_SetConfig) for TIM_ITRx_SetConfig
    stm32f1xx_hal_tim.o(i.HAL_TIM_ConfigClockSource) refers to stm32f1xx_hal_tim.o(i.TIM_TI2_ConfigInputStage) for TIM_TI2_ConfigInputStage
    stm32f1xx_hal_tim.o(i.HAL_TIM_ConfigOCrefClear) refers to stm32f1xx_hal_tim.o(i.TIM_ETR_SetConfig) for TIM_ETR_SetConfig
    stm32f1xx_hal_tim.o(i.HAL_TIM_DMABurst_MultiReadStart) refers to stm32f1xx_hal_dma.o(i.HAL_DMA_Start_IT) for HAL_DMA_Start_IT
    stm32f1xx_hal_tim.o(i.HAL_TIM_DMABurst_MultiReadStart) refers to stm32f1xx_hal_tim.o(i.TIM_DMAPeriodElapsedCplt) for TIM_DMAPeriodElapsedCplt
    stm32f1xx_hal_tim.o(i.HAL_TIM_DMABurst_MultiReadStart) refers to stm32f1xx_hal_tim.o(i.TIM_DMAPeriodElapsedHalfCplt) for TIM_DMAPeriodElapsedHalfCplt
    stm32f1xx_hal_tim.o(i.HAL_TIM_DMABurst_MultiReadStart) refers to stm32f1xx_hal_tim.o(i.TIM_DMAError) for TIM_DMAError
    stm32f1xx_hal_tim.o(i.HAL_TIM_DMABurst_MultiReadStart) refers to stm32f1xx_hal_tim.o(i.TIM_DMACaptureCplt) for TIM_DMACaptureCplt
    stm32f1xx_hal_tim.o(i.HAL_TIM_DMABurst_MultiReadStart) refers to stm32f1xx_hal_tim.o(i.TIM_DMACaptureHalfCplt) for TIM_DMACaptureHalfCplt
    stm32f1xx_hal_tim.o(i.HAL_TIM_DMABurst_MultiReadStart) refers to stm32f1xx_hal_tim_ex.o(i.TIMEx_DMACommutationCplt) for TIMEx_DMACommutationCplt
    stm32f1xx_hal_tim.o(i.HAL_TIM_DMABurst_MultiReadStart) refers to stm32f1xx_hal_tim_ex.o(i.TIMEx_DMACommutationHalfCplt) for TIMEx_DMACommutationHalfCplt
[...]
    MPU9520_GetCaliberateData                0x08005ec5   Thumb Code   142  mpu9520.o(i.MPU9520_GetCaliberateData)
    MPU9520_GetCaliberateMag                 0x08005f59   Thumb Code    96  mpu9520.o(i.MPU9520_GetCaliberateMag)
    MPU9520_GetData                          0x08005fbd   Thumb Code   196  mpu9520.o(i.MPU9520_GetData)
    MPU9520_GetMag                           0x08006081   Thumb Code   342  mpu9520.o(i.MPU9520_GetMag)
    MPU9520_Init                             0x080061ed   Thumb Code   142  mpu9520.o(i.MPU9520_Init)
    MX_DMA_Init                              0x08006289   Thumb Code    48  dma.o(i.MX_DMA_Init)
    MX_GPIO_Init                             0x080062bd   Thumb Code   254  gpio.o(i.MX_GPIO_Init)
    MX_TIM1_Init                             0x080063c9   Thumb Code   222  tim.o(i.MX_TIM1_Init)
    MX_TIM2_Init                             0x080064b1   Thumb Code   116  tim.o(i.MX_TIM2_Init)
    MX_TIM4_Init                             0x08006529   Thumb Code   120  tim.o(i.MX_TIM4_Init)
    MX_USART1_UART_Init                      0x080065a9   Thumb Code    46  usart.o(i.MX_USART1_UART_Init)
    MX_USART3_UART_Init                      0x080065e1   Thumb Code    46  usart.o(i.MX_USART3_UART_Init)
    Mag_Bias_Read                            0x08006619   Thumb Code   120  mpu9520.o(i.Mag_Bias_Read)
    MemManage_Handler                        0x080066a9   Thumb Code     4  stm32f1xx_it.o(i.MemManage_Handler)
    MotorL_Direction                         0x080066ad   Thumb Code    82  motor.o(i.MotorL_Direction)
    MotorR_Direction                         0x08006705   Thumb Code    82  motor.o(i.MotorR_Direction)
    Motor_SetSpeed                           0x0800675d   Thumb Code   142  motor.o(i.Motor_SetSpeed)
    MyI2C_R_SDA                              0x080067f9   Thumb Code    22  myi2c.o(i.MyI2C_R_SDA)
    MyI2C_ReceiveAck                         0x08006815   Thumb Code    30  myi2c.o(i.MyI2C_ReceiveAck)
    MyI2C_ReceiveByte                        0x08006833   Thumb Code    52  myi2c.o(i.MyI2C_ReceiveByte)
    MyI2C_SendAck                            0x08006867   Thumb Code    24  myi2c.o(i.MyI2C_SendAck)
    MyI2C_SendByte                           0x0800687f   Thumb Code    42  myi2c.o(i.MyI2C_SendByte)
    MyI2C_Start                              0x080068a9   Thumb Code    28  myi2c.o(i.MyI2C_Start)
    MyI2C_Stop                               0x080068c5   Thumb Code    22  myi2c.o(i.MyI2C_Stop)
    MyI2C_W_SCL                              0x080068dd   Thumb Code    22  myi2c.o(i.MyI2C_W_SCL)
    MyI2C_W_SDA                              0x080068f9   Thumb Code    22  myi2c.o(i.MyI2C_W_SDA)
    MySPI_R_MISO                             0x08006915   Thumb Code    12  myspi.o(i.MySPI_R_MISO)
    MySPI_Start                              0x08006925   Thumb Code    10  myspi.o(i.MySPI_Start)
    MySPI_Stop                               0x0800692f   Thumb Code    10  myspi.o(i.MySPI_Stop)
    MySPI_SwapByte                           0x08006939   Thumb Code    60  myspi.o(i.MySPI_SwapByte)
    MySPI_W_MOSI                             0x08006975   Thumb Code    16  myspi.o(i.MySPI_W_MOSI)
    MySPI_W_SCK                              0x08006989   Thumb Code    16  myspi.o(i.MySPI_W_SCK)
    MySPI_W_SS                               0x0800699d   Thumb Code    16  myspi.o(i.MySPI_W_SS)
    NMI_Handler                              0x080069b1   Thumb Code     4  stm32f1xx_it.o(i.NMI_Handler)
    PWM_Get                                  0x080069b5   Thumb Code   120  pid.o(i.PWM_Get)
    PWM_SetCpmpare1                          0x08006a3d   Thumb Code     8  motor.o(i.PWM_SetCpmpare1)
    PWM_SetCpmpare4                          0x08006a49   Thumb Code     8  motor.o(i.PWM_SetCpmpare4)
    Show_Task                                0x08006a7d   Thumb Code    76  car.o(i.Show_Task)
    Speed_Encoder                            0x08006aed   Thumb Code   130  position.o(i.Speed_Encoder)
    SysTick_Handler                          0x08006b8d   Thumb Code    16  stm32f1xx_it.o(i.SysTick_Handler)
    SystemClock_Config                       0x08006b9d   Thumb Code   102  main.o(i.SystemClock_Config)
    SystemInit                               0x08006c03   Thumb Code     2  system_stm32f1xx.o(i.SystemInit)
    TIM3_IRQHandler                          0x08006c05   Thumb Code    10  stm32f1xx_it.o(i.TIM3_IRQHandler)
    TIM_Base_SetConfig                       0x08006c15   Thumb Code   120  stm32f1xx_hal_tim.o(i.TIM_Base_SetConfig)
    TIM_CCxChannelCmd                        0x08006c99   Thumb Code    34  stm32f1xx_hal_tim.o(i.TIM_CCxChannelCmd)
    TIM_ETR_SetConfig                        0x08006cbb   Thumb Code    22  stm32f1xx_hal_tim.o(i.TIM_ETR_SetConfig)
    TIM_OC2_SetConfig                        0x08006d45   Thumb Code   100  stm32f1xx_hal_tim.o(i.TIM_OC2_SetConfig)
    Turn                                     0x08006ead   Thumb Code   342  pid.o(i.Turn)
    UART_Start_Receive_DMA                   0x08007459   Thumb Code   186  stm32f1xx_hal_uart.o(i.UART_Start_Receive_DMA)
    USART3_IRQHandler                        0x0800760d   Thumb Code    76  stm32f1xx_it.o(i.USART3_IRQHandler)
    UsageFault_Handler                       0x08007665   Thumb Code     4  stm32f1xx_it.o(i.UsageFault_Handler)
    Velocity                                 0x08007669   Thumb Code   138  pid.o(i.Velocity)
    W25Q64_ReadData                          0x08007711   Thumb Code    68  w25q64.o(i.W25Q64_ReadData)
    __ARM_fpclassify                         0x08007755   Thumb Code    40  fpclassify.o(i.__ARM_fpclassify)
    __ARM_fpclassifyf                        0x0800777d   Thumb Code    38  fpclassifyf.o(i.__ARM_fpclassifyf)
    __kernel_poly                            0x080077dd   Thumb Code   170  poly.o(i.__kernel_poly)
    __mathlib_dbl_infnan                     0x08007887   Thumb Code     6  dunder.o(i.__mathlib_dbl_infnan)
    __mathlib_dbl_infnan2                    0x0800788d   Thumb Code     4  dunder.o(i.__mathlib_dbl_infnan2)
    __mathlib_dbl_overflow                   0x08007891   Thumb Code    14  dunder.o(i.__mathlib_dbl_overflow)
    __mathlib_dbl_underflow                  0x080078a1   Thumb Code    10  dunder.o(i.__mathlib_dbl_underflow)
    __mathlib_flt_infnan                     0x080078b1   Thumb Code     6  funder.o(i.__mathlib_flt_infnan)
    __mathlib_flt_infnan2                    0x080078b7   Thumb Code     4  funder.o(i.__mathlib_flt_infnan2)
    __mathlib_flt_invalid                    0x080078bb   Thumb Code     8  funder.o(i.__mathlib_flt_invalid)
    __mathlib_flt_underflow                  0x080078c3   Thumb Code    10  funder.o(i.__mathlib_flt_underflow)
    __mathlib_narrow                         0x080078cd   Thumb Code    16  narrow.o(i.__mathlib_narrow)
    __mathlib_rredf2                         0x080078dd   Thumb Code   344  rredf.o(i.__mathlib_rredf2)
    __mathlib_tofloat                        0x08007a45   Thumb Code   184  narrow.o(i.__mathlib_tofloat)
    __support_ldexp                          0x08007b01   Thumb Code    22  ldexp.o(i.__support_ldexp)
    _is_digit                                0x08007b17   Thumb Code    14  __printf_wp.o(i._is_digit)
    asinf                                    0x08007b25   Thumb Code   254  asinf.o(i.asinf)
    atan                                     0x08007c49   Thumb Code   474  atan.o(i.atan)
    atan2                                    0x08007e69   Thumb Code   346  atan2.o(i.atan2)
    atan2f                                   0x08007fe9   Thumb Code   528  atan2f.o(i.atan2f)
    cosf                                     0x08008245   Thumb Code   328  cosf.o(i.cosf)
    ferror                                   0x080083c1   Thumb Code     6  usart.o(i.ferror)
    fputc                                    0x080083c9   Thumb Code    22  usart.o(i.fputc)
    frexp                                    0x080083e5   Thumb Code    80  frexp.o(i.frexp)
    imu_GetData                              0x0800843d   Thumb Code   192  angle.o(i.imu_GetData)
    invSqrt                                  0x08008521   Thumb Code    72  angle.o(i.invSqrt)
    ldexp                                    0x0800856d   Thumb Code   116  ldexp.o(i.ldexp)
    main                                     0x080085e1   Thumb Code   152  main.o(i.main)
    pvPortMalloc                             0x08008ab5   Thumb Code   208  heap_4.o(i.pvPortMalloc)
    pxPortInitialiseStack                    0x08008b99   Thumb Code    30  port.o(i.pxPortInitialiseStack)
    rxdata_deal                              0x08008bbd   Thumb Code   458  blueteeth.o(i.rxdata_deal)
    rxpin_init                               0x08008dd5   Thumb Code    32  blueteeth.o(i.rxpin_init)
    sinf                                     0x08008dfd   Thumb Code   338  sinf.o(i.sinf)
    sqrt                                     0x08008f85   Thumb Code    76  sqrt.o(i.sqrt)
    sqrtf                                    0x08008fd1   Thumb Code    44  sqrtf.o(i.sqrtf)
    uxListRemove                             0x08008ffd   Thumb Code    40  list.o(i.uxListRemove)
    vListInitialise                          0x08009025   Thumb Code    26  list.o(i.vListInitialise)
    vListInitialiseItem                      0x0800903f   Thumb Code     6  list.o(i.vListInitialiseItem)
    vListInsert                              0x08009045   Thumb Code    52  list.o(i.vListInsert)
    vListInsertEnd                           0x08009079   Thumb Code    24  list.o(i.vListInsertEnd)
    vPortEnterCritical                       0x08009091   Thumb Code    30  port.o(i.vPortEnterCritical)
    vPortExitCritical                        0x080090b5   Thumb Code    28  port.o(i.vPortExitCritical)
    vPortFree                                0x080090d5   Thumb Code    68  heap_4.o(i.vPortFree)
    vPortSetupTimerInterrupt                 0x08009121   Thumb Code    20  port.o(i.vPortSetupTimerInterrupt)
    vTaskDelay                               0x08009139   Thumb Code    46  tasks.o(i.vTaskDelay)
    vTaskDelete                              0x0800916d   Thumb Code   174  tasks.o(i.vTaskDelete)
    vTaskStartScheduler                      0x08009241   Thumb Code    76  tasks.o(i.vTaskStartScheduler)
    vTaskSuspendAll                          0x080092ad   Thumb Code    12  tasks.o(i.vTaskSuspendAll)
    vTaskSwitchContext                       0x080092bd   Thumb Code    76  tasks.o(i.vTaskSwitchContext)
    xPortStartScheduler                      0x0800931d   Thumb Code    42  port.o(i.xPortStartScheduler)
    xPortSysTickHandler                      0x08009351   Thumb Code    46  port.o(i.xPortSysTickHandler)
    xTaskCreate                              0x08009385   Thumb Code   104  tasks.o(i.xTaskCreate)
    xTaskDelayUntil                          0x080093ed   Thumb Code   108  tasks.o(i.xTaskDelayUntil)
    xTaskGetSchedulerState                   0x08009461   Thumb Code    24  tasks.o(i.xTaskGetSchedulerState)
    xTaskGetTickCount                        0x08009481   Thumb Code     6  tasks.o(i.xTaskGetTickCount)
    xTaskIncrementTick                       0x0800948d   Thumb Code   356  tasks.o(i.xTaskIncrementTick)
    xTaskResumeAll                           0x0800961d   Thumb Code   310  tasks.o(i.xTaskResumeAll)
    _get_lc_numeric                          0x08009779   Thumb Code    44  lc_numeric_c.o(locale$$code)
    _get_lc_ctype                            0x080097a5   Thumb Code    44  lc_ctype_c.o(locale$$code)
    __aeabi_d2f                              0x080097d1   Thumb Code     0  d2f.o(x$fpl$d2f)
    _d2f                                     0x080097d1   Thumb Code    98  d2f.o(x$fpl$d2f)
    __aeabi_dadd                             0x08009835   Thumb Code     0  daddsub_clz.o(x$fpl$dadd)
    _dadd                                    0x08009835   Thumb Code   332  daddsub_clz.o(x$fpl$dadd)
    __fpl_dcheck_NaN1                        0x08009985   Thumb Code    10  dcheck1.o(x$fpl$dcheck1)
    __fpl_dcmp_Inf                           0x08009995   Thumb Code    24  dcmpi.o(x$fpl$dcmpinf)
    __aeabi_ddiv                             0x080099ad   Thumb Code     0  ddiv.o(x$fpl$ddiv)
    _ddiv                                    0x080099ad   Thumb Code   552  ddiv.o(x$fpl$ddiv)
    __aeabi_cdcmpeq                          0x08009c5d   Thumb Code     0  deqf.o(x$fpl$deqf)
    _dcmpeq                                  0x08009c5d   Thumb Code   120  deqf.o(x$fpl$deqf)
    __aeabi_d2iz                             0x08009cd5   Thumb Code     0  dfix.o(x$fpl$dfix)
    _dfix                                    0x08009cd5   Thumb Code    94  dfix.o(x$fpl$dfix)
    __aeabi_i2d                              0x08009d33   Thumb Code     0  dflt_clz.o(x$fpl$dflt)
    _dflt                                    0x08009d33   Thumb Code    46  dflt_clz.o(x$fpl$dflt)
    __aeabi_cdcmple                          0x08009d61   Thumb Code     0  dleqf.o(x$fpl$dleqf)
    _dcmple                                  0x08009d61   Thumb Code   120  dleqf.o(x$fpl$dleqf)
    __fpl_dcmple_InfNaN                      0x08009dc3   Thumb Code     0  dleqf.o(x$fpl$dleqf)
    __aeabi_dmul                             0x08009dd9   Thumb Code     0  dmul.o(x$fpl$dmul)
    _dmul                                    0x08009dd9   Thumb Code   332  dmul.o(x$fpl$dmul)
    __fpl_dnaninf                            0x08009f2d   Thumb Code   156  dnaninf.o(x$fpl$dnaninf)
    __fpl_dretinf                            0x08009fc9   Thumb Code    12  dretinf.o(x$fpl$dretinf)
    __aeabi_cdrcmple                         0x08009fd5   Thumb Code     0  drleqf.o(x$fpl$drleqf)
    _drcmple                                 0x08009fd5   Thumb Code   108  drleqf.o(x$fpl$drleqf)
    __aeabi_drsub                            0x0800a041   Thumb Code     0  daddsub_clz.o(x$fpl$drsb)
    _drsb                                    0x0800a041   Thumb Code    22  daddsub_clz.o(x$fpl$drsb)
    _dsqrt                                   0x0800a059   Thumb Code   456  dsqrt_noumaal.o(x$fpl$dsqrt)
    __aeabi_dsub                             0x0800a225   Thumb Code     0  daddsub_clz.o(x$fpl$dsub)
    _dsub                                    0x0800a225   Thumb Code   464  daddsub_clz.o(x$fpl$dsub)
    __aeabi_f2d                              0x0800a3f9   Thumb Code     0  f2d.o(x$fpl$f2d)
    _f2d                                     0x0800a3f9   Thumb Code    86  f2d.o(x$fpl$f2d)
    __aeabi_fadd                             0x0800a451   Thumb Code     0  faddsub_clz.o(x$fpl$fadd)
    _fadd                                    0x0800a451   Thumb Code   196  faddsub_clz.o(x$fpl$fadd)
    __fpl_fcheck_NaN1                        0x0800a515   Thumb Code     6  fcheck1.o(x$fpl$fcheck1)
    __fpl_fcmp_Inf                           0x0800a521   Thumb Code    24  fcmpi.o(x$fpl$fcmpinf)
    __aeabi_fdiv                             0x0800a539   Thumb Code     0  fdiv.o(x$fpl$fdiv)
    _fdiv                                    0x0800a539   Thumb Code   384  fdiv.o(x$fpl$fdiv)
    __aeabi_f2iz                             0x0800a6bd   Thumb Code     0  ffix.o(x$fpl$ffix)
    _ffix                                    0x0800a6bd   Thumb Code    54  ffix.o(x$fpl$ffix)
    __aeabi_i2f                              0x0800a6f5   Thumb Code     0  fflt_clz.o(x$fpl$fflt)
    _fflt                                    0x0800a6f5   Thumb Code    48  fflt_clz.o(x$fpl$fflt)
    __aeabi_ui2f                             0x0800a725   Thumb Code     0  fflt_clz.o(x$fpl$ffltu)
    _ffltu                                   0x0800a725   Thumb Code    38  fflt_clz.o(x$fpl$ffltu)
    __aeabi_cfcmple                          0x0800a74d   Thumb Code     0  fleqf.o(x$fpl$fleqf)
    _fcmple                                  0x0800a74d   Thumb Code   104  fleqf.o(x$fpl$fleqf)
    __fpl_fcmple_InfNaN                      0x0800a79f   Thumb Code     0  fleqf.o(x$fpl$fleqf)
    __aeabi_fmul                             0x0800a7b5   Thumb Code     0  fmul.o(x$fpl$fmul)
    _fmul                                    0x0800a7b5   Thumb Code   258  fmul.o(x$fpl$fmul)
    __fpl_fnaninf                            0x0800a8b7   Thumb Code   140  fnaninf.o(x$fpl$fnaninf)
    __fpl_fretinf                            0x0800a943   Thumb Code    10  fretinf.o(x$fpl$fretinf)
    __aeabi_cfrcmple                         0x0800a94d   Thumb Code     0  frleqf.o(x$fpl$frleqf)
    _frcmple                                 0x0800a94d   Thumb Code    98  frleqf.o(x$fpl$frleqf)
    _frnd                                    0x0800a9b1   Thumb Code    96  frnd.o(x$fpl$frnd)
    __aeabi_frsub                            0x0800aa11   Thumb Code     0  faddsub_clz.o(x$fpl$frsb)
    _frsb                                    0x0800aa11   Thumb Code    20  faddsub_clz.o(x$fpl$frsb)
    _fsqrt                                   0x0800aa25   Thumb Code   272  fsqrt.o(x$fpl$fsqrt)
    __aeabi_fsub                             0x0800ab35   Thumb Code     0  faddsub_clz.o(x$fpl$fsub)
    _fsub                                    0x0800ab35   Thumb Code   234  faddsub_clz.o(x$fpl$fsub)
    __ieee_status                            0x0800ac1f   Thumb Code     6  istatus.o(x$fpl$ieeestatus)
    _printf_fp_dec                           0x0800ac25   Thumb Code     4  printf1.o(x$fpl$printf1)
    __fpl_return_NaN                         0x0800ac29   Thumb Code   100  retnan.o(x$fpl$retnan)
    __ARM_scalbn                             0x0800ac8d   Thumb Code    92  scalbn.o(x$fpl$scalbn)
    __ARM_scalbnf                            0x0800ace9   Thumb Code    76  scalbnf.o(x$fpl$scalbnf)
    _scanf_real                              0x0800ad35   Thumb Code     4  scanf1.o(x$fpl$scanf1)
    _scanf_hex_real                          0x0800ad39   Thumb Code     4  scanf2.o(x$fpl$scanf2)
    _scanf_infnan                            0x0800ad3d   Thumb Code     4  scanf2.o(x$fpl$scanf2)
    __fpl_cmpreturn                          0x0800ad41   Thumb Code    48  trapv.o(x$fpl$trapveneer)
    __I$use$fp                               0x0800ad70   Number         0  usenofp.o(x$fpl$usenofp)
    AHBPrescTable                            0x0800ad82   Data          16  system_stm32f1xx.o(.constdata)
    APBPrescTable                            0x0800ad92   Data           8  system_stm32f1xx.o(.constdata)
    __mathlib_zero                           0x0800ae38   Data           8  qnan.o(.constdata)
    Region$$Table$$Base                      0x0800aef4   Number         0  anon$$obj.o(Region$$Table)
    Region$$Table$$Limit                     0x0800af14   Number         0  anon$$obj.o(Region$$Table)
    __aeabi_HUGE_VAL                         0x0800af14   Data           0  fpconst.o(c$$dinf)
    __aeabi_HUGE_VALL                        0x0800af14   Data           0  fpconst.o(c$$dinf)
    __aeabi_INFINITY                         0x0800af14   Data           0  fpconst.o(c$$dinf)
    __dInf                                   0x0800af14   Data           0  fpconst.o(c$$dinf)
    __huge_val                               0x0800af14   Data           0  fpconst.o(c$$dinf)
    __dbl_max                                0x0800af1c   Data           0  fpconst.o(c$$dmax)
    __ctype                                  0x0800af4d   Data           0  lc_ctype_c.o(locale$$data)
    uwTick                                   0x20000000   Data           4  stm32f1xx_hal.o(.data)
    uwTickPrio                               0x20000004   Data           4  stm32f1xx_hal.o(.data)
    uwTickFreq                               0x20000008   Data           1  stm32f1xx_hal.o(.data)
    SystemCoreClock                          0x2000000c   Data           4  system_stm32f1xx.o(.data)
    pxCurrentTCB                             0x20000030   Data           4  tasks.o(.data)
    uxTopUsedPriority                        0x20000068   Data           4  tasks.o(.data)
    __stdout                                 0x20000070   Data           4  usart.o(.data)
    EncoderL                                 0x20000074   Data           2  encoder.o(.data)
    EncoderR                                 0x20000076   Data           2  encoder.o(.data)
    ASAX                                     0x20000078   Data           1  mpu9520.o(.data)
    ASAY                                     0x20000079   Data           1  mpu9520.o(.data)
    ASAZ                                     0x2000007a   Data           1  mpu9520.o(.data)
    mx_offset                                0x2000007c   Data           4  mpu9520.o(.data)
    my_offset                                0x20000080   Data           4  mpu9520.o(.data)
    mz_offset                                0x20000084   Data           4  mpu9520.o(.data)
    mx_k                                     0x20000088   Data           4  mpu9520.o(.data)
    my_k                                     0x2000008c   Data           4  mpu9520.o(.data)
    mz_k                                     0x20000090   Data           4  mpu9520.o(.data)
    exitflag                                 0x20000094   Data           1  mpu9520.o(.data)
    x_sum                                    0x20000098   Data           4  mpu9520.o(.data)
    xx_sum                                   0x2000009c   Data           4  mpu9520.o(.data)
    xxx_sum                                  0x200000a0   Data           4  mpu9520.o(.data)
    yyyy_sum                                 0x200000a4   Data           4  mpu9520.o(.data)
    y_sum                                    0x200000a8   Data           4  mpu9520.o(.data)
    yy_sum                                   0x200000ac   Data           4  mpu9520.o(.data)
    xxy_sum                                  0x200000b0   Data           4  mpu9520.o(.data)
    zzzz_sum                                 0x200000b4   Data           4  mpu9520.o(.data)
    z_sum                                    0x200000b8   Data           4  mpu9520.o(.data)
    zz_sum                                   0x200000bc   Data           4  mpu9520.o(.data)
    xxz_sum                                  0x200000c0   Data           4  mpu9520.o(.data)
    xxyy_sum                                 0x200000c4   Data           4  mpu9520.o(.data)
    xy_sum                                   0x200000c8   Data           4  mpu9520.o(.data)
    xyy_sum                                  0x200000cc   Data           4  mpu9520.o(.data)
    xxzz_sum                                 0x200000d0   Data           4  mpu9520.o(.data)
    xz_sum                                   0x200000d4   Data           4  mpu9520.o(.data)
    xzz_sum                                  0x200000d8   Data           4  mpu9520.o(.data)
    yyzz_sum                                 0x200000dc   Data           4  mpu9520.o(.data)
    yz_sum                                   0x200000e0   Data           4  mpu9520.o(.data)
    yyy_sum                                  0x200000e4   Data           4  mpu9520.o(.data)
    yyz_sum                                  0x200000e8   Data           4  mpu9520.o(.data)
    yzz_sum                                  0x200000ec   Data           4  mpu9520.o(.data)
    zzz_sum                                  0x200000f0   Data           4  mpu9520.o(.data)
    x_avr                                    0x200000f4   Data           4  mpu9520.o(.data)
    xx_avr                                   0x200000f8   Data           4  mpu9520.o(.data)
    xxx_avr                                  0x200000fc   Data           4  mpu9520.o(.data)
    yyyy_avr                                 0x20000100   Data           4  mpu9520.o(.data)
    y_avr                                    0x20000104   Data           4  mpu9520.o(.data)
    yy_avr                                   0x20000108   Data           4  mpu9520.o(.data)
    xxy_avr                                  0x2000010c   Data           4  mpu9520.o(.data)
    zzzz_avr                                 0x20000110   Data           4  mpu9520.o(.data)
    z_avr                                    0x20000114   Data           4  mpu9520.o(.data)
    zz_avr                                   0x20000118   Data           4  mpu9520.o(.data)
    xxz_avr                                  0x2000011c   Data           4  mpu9520.o(.data)
    xxyy_avr                                 0x20000120   Data           4  mpu9520.o(.data)
    xy_avr                                   0x20000124   Data           4  mpu9520.o(.data)
    xyy_avr                                  0x20000128   Data           4  mpu9520.o(.data)
    xxzz_avr                                 0x2000012c   Data           4  mpu9520.o(.data)
    xz_avr                                   0x20000130   Data           4  mpu9520.o(.data)
    xzz_avr                                  0x20000134   Data           4  mpu9520.o(.data)
    yyzz_avr                                 0x20000138   Data           4  mpu9520.o(.data)
    yz_avr                                   0x2000013c   Data           4  mpu9520.o(.data)
    yyy_avr                                  0x20000140   Data           4  mpu9520.o(.data)
    yyz_avr                                  0x20000144   Data           4  mpu9520.o(.data)
    yzz_avr                                  0x20000148   Data           4  mpu9520.o(.data)
    zzz_avr                                  0x2000014c   Data           4  mpu9520.o(.data)
    n                                        0x20000150   Data           4  mpu9520.o(.data)
    magstopflag                              0x20000154   Data           1  blueteeth.o(.data)
    manipulationflag                         0x20000155   Data           1  blueteeth.o(.data)
    navigationflag                           0x20000156   Data           1  blueteeth.o(.data)
    positionfalg                             0x20000157   Data           1  blueteeth.o(.data)
    velocity_out                             0x20000158   Data           4  pid.o(.data)
    target_velocity                          0x2000015c   Data           4  pid.o(.data)
    kp_velocity                              0x20000160   Data           4  pid.o(.data)
    ki_velocity                              0x20000164   Data           4  pid.o(.data)
    turn_out                                 0x20000168   Data           4  pid.o(.data)
    target_turn                              0x2000016c   Data           4  pid.o(.data)
    kp_turn                                  0x20000170   Data           4  pid.o(.data)
    ki_trun                                  0x20000174   Data           4  pid.o(.data)
    distance_out                             0x20000178   Data           4  pid.o(.data)
    target_x                                 0x2000017c   Data           4  pid.o(.data)
    target_y                                 0x20000180   Data           4  pid.o(.data)
    kp_distance                              0x20000184   Data           4  pid.o(.data)
    ki_distance                              0x20000188   Data           4  pid.o(.data)
    biaslast                                 0x2000018c   Data           4  pid.o(.data)
    biasdelta                                0x20000190   Data           4  pid.o(.data)
    distanceflag                             0x20000194   Data           1  pid.o(.data)
    fliterKp                                 0x200001a0   Data           8  angle.o(.data)
    fliterKi                                 0x200001a8   Data           8  angle.o(.data)
    gx                                       0x200001b0   Data           2  angle.o(.data)
    gy                                       0x200001b2   Data           2  angle.o(.data)
    gz                                       0x200001b4   Data           2  angle.o(.data)
    ax                                       0x200001b6   Data           2  angle.o(.data)
    ay                                       0x200001b8   Data           2  angle.o(.data)
    az                                       0x200001ba   Data           2  angle.o(.data)
    normalax                                 0x200001bc   Data           4  angle.o(.data)
    normalay                                 0x200001c0   Data           4  angle.o(.data)
    normalaz                                 0x200001c4   Data           4  angle.o(.data)
    mx                                       0x200001c8   Data           4  angle.o(.data)
    my                                       0x200001cc   Data           4  angle.o(.data)
    mz                                       0x200001d0   Data           4  angle.o(.data)
    normalmx                                 0x200001d4   Data           4  angle.o(.data)
    normalmy                                 0x200001d8   Data           4  angle.o(.data)
    normalmz                                 0x200001dc   Data           4  angle.o(.data)
    vx                                       0x200001e0   Data           4  angle.o(.data)
    vy                                       0x200001e4   Data           4  angle.o(.data)
    vz                                       0x200001e8   Data           4  angle.o(.data)
    hx                                       0x200001ec   Data           4  angle.o(.data)
    hy                                       0x200001f0   Data           4  angle.o(.data)
    hz                                       0x200001f4   Data           4  angle.o(.data)
    bx                                       0x200001f8   Data           4  angle.o(.data)
    bz                                       0x200001fc   Data           4  angle.o(.data)
    wx                                       0x20000200   Data           4  angle.o(.data)
    wy                                       0x20000204   Data           4  angle.o(.data)
    wz                                       0x20000208   Data           4  angle.o(.data)
    q                                        0x2000020c   Data          16  angle.o(.data)
    biasx                                    0x2000021c   Data           4  angle.o(.data)
    biasy                                    0x20000220   Data           4  angle.o(.data)
    biasz                                    0x20000224   Data           4  angle.o(.data)
    biasx_intigral                           0x20000228   Data           4  angle.o(.data)
    biasy_intigral                           0x2000022c   Data           4  angle.o(.data)
    biasz_intigral                           0x20000230   Data           4  angle.o(.data)
    roll                                     0x20000234   Data           4  angle.o(.data)
    pitch                                    0x20000238   Data           4  angle.o(.data)
    yaw                                      0x2000023c   Data           4  angle.o(.data)
    yaw_m                                    0x20000240   Data           4  angle.o(.data)
    yaw_k                                    0x20000244   Data           4  angle.o(.data)
    tick1                                    0x20000248   Data           4  angle.o(.data)
    tick2                                    0x2000024c   Data           4  angle.o(.data)
    startflag                                0x20000250   Data           1  angle.o(.data)
    vencoder                                 0x20000254   Data           4  position.o(.data)
    px                                       0x20000258   Data           4  position.o(.data)
    py                                       0x2000025c   Data           4  position.o(.data)
    Z                                        0x20000260   Data           8  position.o(.data)
    P                                        0x20000268   Data          64  position.o(.data)
    F                                        0x200002a8   Data          64  position.o(.data)
    H                                        0x200002e8   Data          32  position.o(.data)
    Q                                        0x20000308   Data          64  position.o(.data)
    R                                        0x20000348   Data          16  position.o(.data)
    S4                                       0x20000358   Data           8  position.o(.data)
    I                                        0x20000360   Data          64  position.o(.data)
    initflag                                 0x200003a0   Data           1  position.o(.data)
    car_start_handle                         0x200003a4   Data           4  car.o(.data)
    data_task_handle                         0x200003a8   Data           4  car.o(.data)
    contro_task_handle                       0x200003ac   Data           4  car.o(.data)
    show_task_handle                         0x200003b0   Data           4  car.o(.data)
    htim1                                    0x2000487c   Data          72  tim.o(.bss)
    htim2                                    0x200048c4   Data          72  tim.o(.bss)
    htim4                                    0x2000490c   Data          72  tim.o(.bss)
    huart1                                   0x20004954   Data          72  usart.o(.bss)
    huart3                                   0x2000499c   Data          72  usart.o(.bss)
    hdma_usart3_rx                           0x200049e4   Data          68  usart.o(.bss)
    htim3                                    0x20004a28   Data          72  stm32f1xx_hal_timebase_tim.o(.bss)
    data_bias                                0x20004a70   Data          12  mpu9520.o(.bss)
    magbias                                  0x20004a7c   Data          24  mpu9520.o(.bss)
    rxbuffer                                 0x20004a94   Data         100  blueteeth.o(.bss)
    rx_uart3                                 0x20004af8   Data          96  blueteeth.o(.bss)
    imu                                      0x20004b58   Data          24  angle.o(.bss)
    X                                        0x20004b70   Data          16  position.o(.bss)
    FT                                       0x20004b80   Data          64  position.o(.bss)
    HT                                       0x20004bc0   Data          32  position.o(.bss)
    K                                        0x20004be0   Data          32  position.o(.bss)
    S1                                       0x20004c00   Data          32  position.o(.bss)
    S2                                       0x20004c20   Data          32  position.o(.bss)
    S3                                       0x20004c40   Data          16  position.o(.bss)
    S5                                       0x20004c50   Data          16  position.o(.bss)
    S6                                       0x20004c60   Data          64  position.o(.bss)
    __libspace_start                         0x20004ca0   Data          96  libspace.o(.bss)
    __temporary_stack_top$libspace           0x20004d00   Data           0  libspace.o(.bss)



==============================================================================

Memory Map of the image

  Image Entry point : 0x080000ed

  Load Region LR_IROM1 (Base: 0x08000000, Size: 0x0000b404, Max: 0x00010000, ABSOLUTE, COMPRESSED[0x0000b0ac])

    Execution Region ER_IROM1 (Exec base: 0x08000000, Load base: 0x08000000, Size: 0x0000b050, Max: 0x00010000, ABSOLUTE)

    Exec Addr    Load Addr    Size         Type   Attr      Idx    E Section Name        Object

    0x08000000   0x08000000   0x000000ec   Data   RO            3    RESET               startup_stm32f103xb.o
    0x080000ec   0x080000ec   0x00000008   Code   RO         4878  * !!!main             c_w.l(__main.o)
    0x080000f4   0x080000f4   0x00000034   Code   RO         5350    !!!scatter          c_w.l(__scatter.o)
    0x08000128   0x08000128   0x0000005a   Code   RO         5348    !!dczerorl2         c_w.l(__dczerorl2.o)
    0x08000182   0x08000182   0x00000002   PAD
    0x08000184   0x08000184   0x0000001c   Code   RO         5352    !!handler_zi        c_w.l(__scatter_zi.o)
    0x080001a0   0x080001a0   0x00000000   Code   RO         4865    .ARM.Collect$$_printf_percent$$00000000  c_w.l(_printf_percent.o)
    0x080001a0   0x080001a0   0x00000006   Code   RO         4864    .ARM.Collect$$_printf_percent$$00000003  c_w.l(_printf_f.o)
    0x080001a6   0x080001a6   0x00000004   Code   RO         5007    .ARM.Collect$$_printf_percent$$00000017  c_w.l(_printf_percent_end.o)
    0x080001aa   0x080001aa   0x00000002   Code   RO         5190    .ARM.Collect$$libinit$$00000000  c_w.l(libinit.o)
    0x080001ac   0x080001ac   0x00000000   Code   RO         5192    .ARM.Collect$$libinit$$00000002  c_w.l(libinit2.o)
    0x080001ac   0x080001ac   0x00000000   Code   RO         5194    .ARM.Collect$$libinit$$00000004  c_w.l(libinit2.o)
    0x080001ac   0x080001ac   0x00000000   Code   RO         5197    .ARM.Collect$$libinit$$0000000A  c_w.l(libinit2.o)
    0x080001ac   0x080001ac   0x00000000   Code   RO         5199    .ARM.Collect$$libinit$$0000000C  c_w.l(libinit2.o)
    0x080001ac   0x080001ac   0x00000000   Code   RO         5201    .ARM.Collect$$libinit$$0000000E  c_w.l(libinit2.o)
    0x080001ac   0x080001ac   0x00000006   Code   RO         5202    .ARM.Collect$$libinit$$0000000F  c_w.l(libinit2.o)
    0x080001b2   0x080001b2   0x00000000   Code   RO         5204    .ARM.Collect$$libinit$$00000011  c_w.l(libinit2.o)
    0x080001b2   0x080001b2   0x0000000c   Code   RO         5205    .ARM.Collect$$libinit$$00000012  c_w.l(libinit2.o)
    0x080001be   0x080001be   0x00000000   Code   RO         5206    .ARM.Collect$$libinit$$00000013  c_w.l(libinit2.o)
    0x080001be   0x080001be   0x00000000   Code   RO         5208    .ARM.Collect$$libinit$$00000015  c_w.l(libinit2.o)
    0x080001be   0x080001be   0x0000000a   Code   RO         5209    .ARM.Collect$$libinit$$00000016  c_w.l(libinit2.o)
    0x080001c8   0x080001c8   0x00000000   Code   RO         5210    .ARM.Collect$$libinit$$00000017  c_w.l(libinit2.o)
    0x080001c8   0x080001c8   0x00000000   Code   RO         5212    .ARM.Collect$$libinit$$00000019  c_w.l(libinit2.o)
    0x080001c8   0x080001c8   0x00000000   Code   RO         5214    .ARM.Collect$$libinit$$0000001B  c_w.l(libinit2.o)
    0x080001c8   0x080001c8   0x00000000   Code   RO         5216    .ARM.Collect$$libinit$$0000001D  c_w.l(libinit2.o)
    0x080001c8   0x080001c8   0x00000000   Code   RO         5218    .ARM.Collect$$libinit$$0000001F  c_w.l(libinit2.o)
    0x080001c8   0x080001c8   0x00000000   Code   RO         5220    .ARM.Collect$$libinit$$00000021  c_w.l(libinit2.o)
    0x080001c8   0x080001c8   0x00000000   Code   RO         5222    .ARM.Collect$$libinit$$00000023  c_w.l(libinit2.o)
    0x080001c8   0x080001c8   0x00000000   Code   RO         5224    .ARM.Collect$$libinit$$00000025  c_w.l(libinit2.o)
    0x080001c8   0x080001c8   0x00000000   Code   RO         5228    .ARM.Collect$$libinit$$0000002C  c_w.l(libinit2.o)
    0x080001c8   0x080001c8   0x00000000   Code   RO         5230    .ARM.Collect$$libinit$$0000002E  c_w.l(libinit2.o)
    0x080001c8   0x080001c8   0x00000000   Code   RO         5232    .ARM.Collect$$libinit$$00000030  c_w.l(libinit2.o)
    0x080001c8   0x080001c8   0x00000000   Code   RO         5234    .ARM.Collect$$libinit$$00000032  c_w.l(libinit2.o)
    0x080001c8   0x080001c8   0x00000002   Code   RO         5235    .ARM.Collect$$libinit$$00000033  c_w.l(libinit2.o)
    0x080001ca   0x080001ca   0x00000002   Code   RO         5296    .ARM.Collect$$libshutdown$$00000000  c_w.l(libshutdown.o)
    0x080001cc   0x080001cc   0x00000000   Code   RO         5307    .ARM.Collect$$libshutdown$$00000002  c_w.l(libshutdown2.o)
    0x080001cc   0x080001cc   0x00000000   Code   RO         5309    .ARM.Collect$$libshutdown$$00000004  c_w.l(libshutdown2.o)
    0x080001cc   0x080001cc   0x00000000   Code   RO         5312    .ARM.Collect$$libshutdown$$00000007  c_w.l(libshutdown2.o)
    0x080001cc   0x080001cc   0x00000000   Code   RO         5315    .ARM.Collect$$libshutdown$$0000000A  c_w.l(libshutdown2.o)
    0x080001cc   0x080001cc   0x00000000   Code   RO         5317    .ARM.Collect$$libshutdown$$0000000C  c_w.l(libshutdown2.o)
    0x080001cc   0x080001cc   0x00000000   Code   RO         5320    .ARM.Collect$$libshutdown$$0000000F  c_w.l(libshutdown2.o)
    0x080001cc   0x080001cc   0x00000002   Code   RO         5321    .ARM.Collect$$libshutdown$$00000010  c_w.l(libshutdown2.o)
    0x080001ce   0x080001ce   0x00000000   Code   RO         4996    .ARM.Collect$$rtentry$$00000000  c_w.l(__rtentry.o)
    0x080001ce   0x080001ce   0x00000000   Code   RO         5082    .ARM.Collect$$rtentry$$00000002  c_w.l(__rtentry2.o)
    0x080001ce   0x080001ce   0x00000006   Code   RO         5094    .ARM.Collect$$rtentry$$00000004  c_w.l(__rtentry4.o)
    0x080001d4   0x080001d4   0x00000000   Code   RO         5084    .ARM.Collect$$rtentry$$00000009  c_w.l(__rtentry2.o)
    0x080001d4   0x080001d4   0x00000004   Code   RO         5085    .ARM.Collect$$rtentry$$0000000A  c_w.l(__rtentry2.o)
    0x080001d8   0x080001d8   0x00000000   Code   RO         5087    .ARM.Collect$$rtentry$$0000000C  c_w.l(__rtentry2.o)
    0x080001d8   0x080001d8   0x00000008   Code   RO         5088    .ARM.Collect$$rtentry$$0000000D  c_w.l(__rtentry2.o)
    0x080001e0   0x080001e0   0x00000002   Code   RO         5246    .ARM.Collect$$rtexit$$00000000  c_w.l(rtexit.o)
    0x080001e2   0x080001e2   0x00000000   Code   RO         5274    .ARM.Collect$$rtexit$$00000002  c_w.l(rtexit2.o)
    0x080001e2   0x080001e2   0x00000004   Code   RO         5275    .ARM.Collect$$rtexit$$00000003  c_w.l(rtexit2.o)
    0x080001e6   0x080001e6   0x00000006   Code   RO         5276    .ARM.Collect$$rtexit$$00000004  c_w.l(rtexit2.o)
    0x080001ec   0x080001ec   0x00000096   Code   RO         2533    .emb_text           port.o
    0x08000282   0x08000282   0x00000002   PAD
    0x08000284   0x08000284   0x00000040   Code   RO            4    .text               startup_stm32f103xb.o
    0x080002c4   0x080002c4   0x0000009c   Code   RO         4667    .text               arm_cortexM3l_math.lib(arm_mat_add_f32.o)
    0x08000360   0x08000360   0x00000008   Code   RO         4713    .text               arm_cortexM3l_math.lib(arm_mat_init_f32.o)
    0x08000368   0x08000368   0x0000035e   Code   RO         4737    .text               arm_cortexM3l_math.lib(arm_mat_inverse_f32.o)
    0x080006c6   0x080006c6   0x00000002   PAD
    0x080006c8   0x080006c8   0x000000f4   Code   RO         4761    .text               arm_cortexM3l_math.lib(arm_mat_mult_f32.o)
    0x080007bc   0x080007bc   0x0000009c   Code   RO         4785    .text               arm_cortexM3l_math.lib(arm_mat_sub_f32.o)
    0x08000858   0x08000858   0x00000084   Code   RO         4809    .text               arm_cortexM3l_math.lib(arm_mat_trans_f32.o)
    0x080008dc   0x080008dc   0x00000018   Code   RO         4838    .text               c_w.l(noretval__2printf.o)
    0x080008f4   0x080008f4   0x0000010e   Code   RO         4852    .text               c_w.l(__printf_wp.o)
    0x08000a02   0x08000a02   0x00000002   PAD
    0x08000a04   0x08000a04   0x0000003c   Code   RO         4866    .text               c_w.l(__0sscanf.o)
    0x08000a40   0x08000a40   0x0000004e   Code   RO         4874    .text               c_w.l(rt_memclr_w.o)
    0x08000a8e   0x08000a8e   0x00000006   Code   RO         4876    .text               c_w.l(heapauxi.o)
    0x08000a94   0x08000a94   0x00000016   Code   RO         4997    .text               c_w.l(_rserrno.o)
    0x08000aaa   0x08000aaa   0x0000041e   Code   RO         4999    .text               c_w.l(_printf_fp_dec.o)
    0x08000ec8   0x08000ec8   0x00000030   Code   RO         5001    .text               c_w.l(_printf_char_common.o)
    0x08000ef8   0x08000ef8   0x00000024   Code   RO         5005    .text               c_w.l(_printf_char_file.o)
    0x08000f1c   0x08000f1c   0x000004f8   Code   RO         5008    .text               c_w.l(scanf_fp.o)
    0x08001414   0x08001414   0x0000002c   Code   RO         5010    .text               c_w.l(scanf_char.o)
    0x08001440   0x08001440   0x00000040   Code   RO         5012    .text               c_w.l(_sgetc.o)
    0x08001480   0x08001480   0x00000008   Code   RO         5099    .text               c_w.l(rt_locale_intlibspace.o)
    0x08001488   0x08001488   0x00000008   Code   RO         5104    .text               c_w.l(rt_errno_addr_intlibspace.o)
    0x08001490   0x08001490   0x0000008a   Code   RO         5106    .text               c_w.l(lludiv10.o)
    0x0800151a   0x0800151a   0x00000012   Code   RO         5108    .text               c_w.l(isspace.o)
    0x0800152c   0x0800152c   0x00000080   Code   RO         5110    .text               c_w.l(_printf_fp_infnan.o)
    0x080015ac   0x080015ac   0x00000374   Code   RO         5114    .text               c_w.l(_scanf.o)
    0x08001920   0x08001920   0x000000e4   Code   RO         5116    .text               c_w.l(bigflt0.o)
    0x08001a04   0x08001a04   0x00000008   Code   RO         5170    .text               c_w.l(libspace.o)
    0x08001a0c   0x08001a0c   0x0000004a   Code   RO         5173    .text               c_w.l(sys_stackheap_outer.o)
    0x08001a56   0x08001a56   0x00000002   PAD
    0x08001a58   0x08001a58   0x00000010   Code   RO         5175    .text               c_w.l(rt_ctype_table.o)
    0x08001a68   0x08001a68   0x00000320   Code   RO         5177    .text               c_w.l(scanf_hexfp.o)
    0x08001d88   0x08001d88   0x00000134   Code   RO         5179    .text               c_w.l(scanf_infnan.o)
    0x08001ebc   0x08001ebc   0x00000012   Code   RO         5181    .text               c_w.l(exit.o)
    0x08001ece   0x08001ece   0x00000002   PAD
    0x08001ed0   0x08001ed0   0x00000080   Code   RO         5183    .text               c_w.l(strcmpv7m.o)
    0x08001f50   0x08001f50   0x00000026   Code   RO         5248    .text               c_w.l(llshl.o)
    0x08001f76   0x08001f76   0x0000001c   Code   RO         5250    .text               c_w.l(_chval.o)
    0x08001f92   0x08001f92   0x00000002   PAD
    0x08001f94   0x08001f94   0x0000000c   Code   RO         5286    .text               c_w.l(sys_exit.o)
    0x08001fa0   0x08001fa0   0x00000002   Code   RO         5297    .text               c_w.l(use_no_semi.o)
    0x08001fa2   0x08001fa2   0x00000000   Code   RO         5299    .text               c_w.l(indicate_semi.o)
    0x08001fa2   0x08001fa2   0x0000003e   Code   RO         5119    CL$$btod_d2e        c_w.l(btod.o)
    0x08001fe0   0x08001fe0   0x00000046   Code   RO         5121    CL$$btod_d2e_denorm_low  c_w.l(btod.o)
    0x08002026   0x08002026   0x00000060   Code   RO         5120    CL$$btod_d2e_norm_op1  c_w.l(btod.o)
    0x08002086   0x08002086   0x00000338   Code   RO         5129    CL$$btod_div_common  c_w.l(btod.o)
    0x080023be   0x080023be   0x00000002   PAD
    0x080023c0   0x080023c0   0x00000084   Code   RO         5127    CL$$btod_e2d        c_w.l(btod.o)
    0x08002444   0x08002444   0x000000dc   Code   RO         5126    CL$$btod_e2e        c_w.l(btod.o)
    0x08002520   0x08002520   0x0000002a   Code   RO         5123    CL$$btod_ediv       c_w.l(btod.o)
    0x0800254a   0x0800254a   0x0000002a   Code   RO         5125    CL$$btod_edivd      c_w.l(btod.o)
    0x08002574   0x08002574   0x0000002a   Code   RO         5122    CL$$btod_emul       c_w.l(btod.o)
    0x0800259e   0x0800259e   0x0000002a   Code   RO         5124    CL$$btod_emuld      c_w.l(btod.o)
    0x080025c8   0x080025c8   0x00000244   Code   RO         5128    CL$$btod_mult_common  c_w.l(btod.o)
    0x0800280c   0x0800280c   0x00000004   Code   RO         3730    i.BusFault_Handler  stm32f1xx_it.o
    0x08002810   0x08002810   0x00000030   Code   RO         4585    i.Car_Init          car.o
    0x08002840   0x08002840   0x00000090   Code   RO         4586    i.Car_Start         car.o
    0x080028d0   0x080028d0   0x00000040   Code   RO         4587    i.Control_Task      car.o
    0x08002910   0x08002910   0x00000010   Code   RO         3731    i.DMA1_Channel3_IRQHandler  stm32f1xx_it.o
    0x08002920   0x08002920   0x0000002c   Code   RO         1503    i.DMA_SetConfig     stm32f1xx_hal_dma.o
    0x0800294c   0x0800294c   0x00000c5c   Code   RO         4488    i.Data_Correction   angle.o
    0x080035a8   0x080035a8   0x00000030   Code   RO         4588    i.Data_Task         car.o
    0x080035d8   0x080035d8   0x00000002   Code   RO         3732    i.DebugMon_Handler  stm32f1xx_it.o
    0x080035da   0x080035da   0x0000000c   Code   RO         3427    i.Delay_ms          delay.o
    0x080035e6   0x080035e6   0x00000010   Code   RO         3429    i.Delay_us          delay.o
    0x080035f6   0x080035f6   0x00000002   PAD
    0x080035f8   0x080035f8   0x000001a8   Code   RO         4432    i.Distance          pid.o
    0x080037a0   0x080037a0   0x000002c0   Code   RO         4537    i.EKF_Position      position.o
    0x08003a60   0x08003a60   0x00000048   Code   RO         3875    i.Encoder_SpeedGet  encoder.o
    0x08003aa8   0x08003aa8   0x00000006   Code   RO         3466    i.Error_Handler     main.o
    0x08003aae   0x08003aae   0x00000002   PAD
    0x08003ab0   0x08003ab0   0x00000230   Code   RO         4489    i.Get_Angle         angle.o
    0x08003ce0   0x08003ce0   0x00000056   Code   RO         1504    i.HAL_DMA_Abort     stm32f1xx_hal_dma.o
    0x08003d36   0x08003d36   0x00000002   PAD
    0x08003d38   0x08003d38   0x000000b0   Code   RO         1505    i.HAL_DMA_Abort_IT  stm32f1xx_hal_dma.o
    0x08003de8   0x08003de8   0x0000019c   Code   RO         1509    i.HAL_DMA_IRQHandler  stm32f1xx_hal_dma.o
    0x08003f84   0x08003f84   0x00000068   Code   RO         1510    i.HAL_DMA_Init      stm32f1xx_hal_dma.o
    0x08003fec   0x08003fec   0x0000009c   Code   RO         1514    i.HAL_DMA_Start_IT  stm32f1xx_hal_dma.o
    0x08004088   0x08004088   0x00000028   Code   RO         1125    i.HAL_Delay         stm32f1xx_hal.o
    0x080040b0   0x080040b0   0x00000320   Code   RO         1440    i.HAL_GPIO_Init     stm32f1xx_hal_gpio.o
    0x080043d0   0x080043d0   0x00000010   Code   RO         1442    i.HAL_GPIO_ReadPin  stm32f1xx_hal_gpio.o
    0x080043e0   0x080043e0   0x0000000c   Code   RO         1444    i.HAL_GPIO_WritePin  stm32f1xx_hal_gpio.o
    0x080043ec   0x080043ec   0x0000000c   Code   RO         1129    i.HAL_GetTick       stm32f1xx_hal.o
    0x080043f8   0x080043f8   0x00000018   Code   RO         1135    i.HAL_IncTick       stm32f1xx_hal.o
    0x08004410   0x08004410   0x00000028   Code   RO         1136    i.HAL_Init          stm32f1xx_hal.o
    0x08004438   0x08004438   0x000000b4   Code   RO         3836    i.HAL_InitTick      stm32f1xx_hal_timebase_tim.o
    0x080044ec   0x080044ec   0x00000060   Code   RO         3812    i.HAL_MspInit       stm32f1xx_hal_msp.o
    0x0800454c   0x0800454c   0x00000020   Code   RO         1600    i.HAL_NVIC_EnableIRQ  stm32f1xx_hal_cortex.o
    0x0800456c   0x0800456c   0x0000007c   Code   RO         1606    i.HAL_NVIC_SetPriority  stm32f1xx_hal_cortex.o
    0x080045e8   0x080045e8   0x00000028   Code   RO         1607    i.HAL_NVIC_SetPriorityGrouping  stm32f1xx_hal_cortex.o
    0x08004610   0x08004610   0x0000018c   Code   RO         1293    i.HAL_RCC_ClockConfig  stm32f1xx_hal_rcc.o
    0x0800479c   0x0800479c   0x00000044   Code   RO         1297    i.HAL_RCC_GetClockConfig  stm32f1xx_hal_rcc.o
    0x080047e0   0x080047e0   0x0000000c   Code   RO         1298    i.HAL_RCC_GetHCLKFreq  stm32f1xx_hal_rcc.o
    0x080047ec   0x080047ec   0x00000020   Code   RO         1300    i.HAL_RCC_GetPCLK1Freq  stm32f1xx_hal_rcc.o
    0x0800480c   0x0800480c   0x00000020   Code   RO         1301    i.HAL_RCC_GetPCLK2Freq  stm32f1xx_hal_rcc.o
    0x0800482c   0x0800482c   0x00000070   Code   RO         1302    i.HAL_RCC_GetSysClockFreq  stm32f1xx_hal_rcc.o
    0x0800489c   0x0800489c   0x00000464   Code   RO         1305    i.HAL_RCC_OscConfig  stm32f1xx_hal_rcc.o
    0x08004d00   0x08004d00   0x00000002   Code   RO          851    i.HAL_TIMEx_BreakCallback  stm32f1xx_hal_tim_ex.o
    0x08004d02   0x08004d02   0x00000002   Code   RO          852    i.HAL_TIMEx_CommutCallback  stm32f1xx_hal_tim_ex.o
    0x08004d04   0x08004d04   0x00000074   Code   RO          854    i.HAL_TIMEx_ConfigBreakDeadTime  stm32f1xx_hal_tim_ex.o
    0x08004d78   0x08004d78   0x00000084   Code   RO          870    i.HAL_TIMEx_MasterConfigSynchronization  stm32f1xx_hal_tim_ex.o
    0x08004dfc   0x08004dfc   0x00000066   Code   RO          136    i.HAL_TIM_Base_Init  stm32f1xx_hal_tim.o
    0x08004e62   0x08004e62   0x00000002   PAD
    0x08004e64   0x08004e64   0x00000030   Code   RO         3594    i.HAL_TIM_Base_MspInit  tim.o
    0x08004e94   0x08004e94   0x00000078   Code   RO          141    i.HAL_TIM_Base_Start_IT  stm32f1xx_hal_tim.o
    0x08004f0c   0x08004f0c   0x0000010c   Code   RO          145    i.HAL_TIM_ConfigClockSource  stm32f1xx_hal_tim.o
    0x08005018   0x08005018   0x000000c4   Code   RO          157    i.HAL_TIM_Encoder_Init  stm32f1xx_hal_tim.o
    0x080050dc   0x080050dc   0x000000c8   Code   RO         3596    i.HAL_TIM_Encoder_MspInit  tim.o
    0x080051a4   0x080051a4   0x000000cc   Code   RO          160    i.HAL_TIM_Encoder_Start  stm32f1xx_hal_tim.o
    0x08005270   0x08005270   0x00000002   Code   RO          170    i.HAL_TIM_IC_CaptureCallback  stm32f1xx_hal_tim.o
    0x08005272   0x08005272   0x0000016c   Code   RO          184    i.HAL_TIM_IRQHandler  stm32f1xx_hal_tim.o
    0x080053de   0x080053de   0x00000002   PAD
    0x080053e0   0x080053e0   0x00000058   Code   RO         3597    i.HAL_TIM_MspPostInit  tim.o
    0x08005438   0x08005438   0x00000002   Code   RO          187    i.HAL_TIM_OC_DelayElapsedCallback  stm32f1xx_hal_tim.o
    0x0800543a   0x0800543a   0x00000104   Code   RO          208    i.HAL_TIM_PWM_ConfigChannel  stm32f1xx_hal_tim.o
    0x0800553e   0x0800553e   0x00000066   Code   RO          211    i.HAL_TIM_PWM_Init  stm32f1xx_hal_tim.o
    0x080055a4   0x080055a4   0x00000002   Code   RO          213    i.HAL_TIM_PWM_MspInit  stm32f1xx_hal_tim.o
    0x080055a6   0x080055a6   0x00000002   Code   RO          214    i.HAL_TIM_PWM_PulseFinishedCallback  stm32f1xx_hal_tim.o
    0x080055a8   0x080055a8   0x000000d4   Code   RO          216    i.HAL_TIM_PWM_Start  stm32f1xx_hal_tim.o
    0x0800567c   0x0800567c   0x00000018   Code   RO         3467    i.HAL_TIM_PeriodElapsedCallback  main.o
    0x08005694   0x08005694   0x00000002   Code   RO          227    i.HAL_TIM_TriggerCallback  stm32f1xx_hal_tim.o
    0x08005696   0x08005696   0x00000002   Code   RO         2138    i.HAL_UARTEx_RxEventCallback  stm32f1xx_hal_uart.o
    0x08005698   0x08005698   0x00000080   Code   RO         4274    i.HAL_UART_AbortReceiveCpltCallback  blueteeth.o
    0x08005718   0x08005718   0x000000d8   Code   RO         2143    i.HAL_UART_AbortReceive_IT  stm32f1xx_hal_uart.o
    0x080057f0   0x080057f0   0x00000002   Code   RO         2152    i.HAL_UART_ErrorCallback  stm32f1xx_hal_uart.o
    0x080057f2   0x080057f2   0x00000002   PAD
    0x080057f4   0x080057f4   0x000002e4   Code   RO         2155    i.HAL_UART_IRQHandler  stm32f1xx_hal_uart.o
    0x08005ad8   0x08005ad8   0x00000076   Code   RO         2156    i.HAL_UART_Init     stm32f1xx_hal_uart.o
    0x08005b4e   0x08005b4e   0x00000002   PAD
    0x08005b50   0x08005b50   0x00000140   Code   RO         3666    i.HAL_UART_MspInit  usart.o
    0x08005c90   0x08005c90   0x0000002c   Code   RO         2160    i.HAL_UART_Receive_DMA  stm32f1xx_hal_uart.o
    0x08005cbc   0x08005cbc   0x00000002   Code   RO         2162    i.HAL_UART_RxCpltCallback  stm32f1xx_hal_uart.o
    0x08005cbe   0x08005cbe   0x00000002   Code   RO         2163    i.HAL_UART_RxHalfCpltCallback  stm32f1xx_hal_uart.o
    0x08005cc0   0x08005cc0   0x000000be   Code   RO         2164    i.HAL_UART_Transmit  stm32f1xx_hal_uart.o
    0x08005d7e   0x08005d7e   0x00000002   Code   RO         2167    i.HAL_UART_TxCpltCallback  stm32f1xx_hal_uart.o
    0x08005d80   0x08005d80   0x00000004   Code   RO         3733    i.HardFault_Handler  stm32f1xx_it.o
    0x08005d84   0x08005d84   0x00000042   Code   RO         4056    i.I2C_ReadReg       myi2c.o
    0x08005dc6   0x08005dc6   0x00000030   Code   RO         4057    i.I2C_WriteReg      myi2c.o
    0x08005df6   0x08005df6   0x00000002   PAD
    0x08005df8   0x08005df8   0x000000cc   Code   RO         3956    i.MPU9520_Caliberation  mpu9520.o
    0x08005ec4   0x08005ec4   0x00000094   Code   RO         3957    i.MPU9520_GetCaliberateData  mpu9520.o
    0x08005f58   0x08005f58   0x00000064   Code   RO         3958    i.MPU9520_GetCaliberateMag  mpu9520.o
    0x08005fbc   0x08005fbc   0x000000c4   Code   RO         3959    i.MPU9520_GetData   mpu9520.o
    0x08006080   0x08006080   0x0000016c   Code   RO         3960    i.MPU9520_GetMag    mpu9520.o
    0x080061ec   0x080061ec   0x0000009c   Code   RO         3961    i.MPU9520_Init      mpu9520.o
    0x08006288   0x08006288   0x00000034   Code   RO         3569    i.MX_DMA_Init       dma.o
    0x080062bc   0x080062bc   0x0000010c   Code   RO         3545    i.MX_GPIO_Init      gpio.o
    0x080063c8   0x080063c8   0x000000e8   Code   RO         3598    i.MX_TIM1_Init      tim.o
    0x080064b0   0x080064b0   0x00000078   Code   RO         3599    i.MX_TIM2_Init      tim.o
    0x08006528   0x08006528   0x00000080   Code   RO         3600    i.MX_TIM4_Init      tim.o
    0x080065a8   0x080065a8   0x00000038   Code   RO         3667    i.MX_USART1_UART_Init  usart.o
    0x080065e0   0x080065e0   0x00000038   Code   RO         3668    i.MX_USART3_UART_Init  usart.o
    0x08006618   0x08006618   0x00000090   Code   RO         3962    i.Mag_Bias_Read     mpu9520.o
    0x080066a8   0x080066a8   0x00000004   Code   RO         3734    i.MemManage_Handler  stm32f1xx_it.o
    0x080066ac   0x080066ac   0x00000058   Code   RO         3905    i.MotorL_Direction  motor.o
    0x08006704   0x08006704   0x00000058   Code   RO         3906    i.MotorR_Direction  motor.o
    0x0800675c   0x0800675c   0x0000009c   Code   RO         3907    i.Motor_SetSpeed    motor.o
    0x080067f8   0x080067f8   0x0000001c   Code   RO         4058    i.MyI2C_R_SDA       myi2c.o
    0x08006814   0x08006814   0x0000001e   Code   RO         4059    i.MyI2C_ReceiveAck  myi2c.o
    0x08006832   0x08006832   0x00000034   Code   RO         4060    i.MyI2C_ReceiveByte  myi2c.o
    0x08006866   0x08006866   0x00000018   Code   RO         4061    i.MyI2C_SendAck     myi2c.o
    0x0800687e   0x0800687e   0x0000002a   Code   RO         4062    i.MyI2C_SendByte    myi2c.o
    0x080068a8   0x080068a8   0x0000001c   Code   RO         4063    i.MyI2C_Start       myi2c.o
    0x080068c4   0x080068c4   0x00000016   Code   RO         4064    i.MyI2C_Stop        myi2c.o
    0x080068da   0x080068da   0x00000002   PAD
    0x080068dc   0x080068dc   0x0000001c   Code   RO         4065    i.MyI2C_W_SCL       myi2c.o
    0x080068f8   0x080068f8   0x0000001c   Code   RO         4066    i.MyI2C_W_SDA       myi2c.o
    0x08006914   0x08006914   0x00000010   Code   RO         4140    i.MySPI_R_MISO      myspi.o
    0x08006924   0x08006924   0x0000000a   Code   RO         4141    i.MySPI_Start       myspi.o
    0x0800692e   0x0800692e   0x0000000a   Code   RO         4142    i.MySPI_Stop        myspi.o
    0x08006938   0x08006938   0x0000003c   Code   RO         4143    i.MySPI_SwapByte    myspi.o
    0x08006974   0x08006974   0x00000014   Code   RO         4144    i.MySPI_W_MOSI      myspi.o
    0x08006988   0x08006988   0x00000014   Code   RO         4145    i.MySPI_W_SCK       myspi.o
    0x0800699c   0x0800699c   0x00000014   Code   RO         4146    i.MySPI_W_SS        myspi.o
    0x080069b0   0x080069b0   0x00000004   Code   RO         3735    i.NMI_Handler       stm32f1xx_it.o
    0x080069b4   0x080069b4   0x00000088   Code   RO         4433    i.PWM_Get           pid.o
    0x08006a3c   0x08006a3c   0x0000000c   Code   RO         3908    i.PWM_SetCpmpare1   motor.o
    0x08006a48   0x08006a48   0x0000000c   Code   RO         3909    i.PWM_SetCpmpare4   motor.o
    0x08006a54   0x08006a54   0x00000028   Code   RO         1306    i.RCC_Delay         stm32f1xx_hal_rcc.o
    0x08006a7c   0x08006a7c   0x00000070   Code   RO         4589    i.Show_Task         car.o
    0x08006aec   0x08006aec   0x000000a0   Code   RO         4539    i.Speed_Encoder     position.o
    0x08006b8c   0x08006b8c   0x00000010   Code   RO         3736    i.SysTick_Handler   stm32f1xx_it.o
    0x08006b9c   0x08006b9c   0x00000066   Code   RO         3468    i.SystemClock_Config  main.o
    0x08006c02   0x08006c02   0x00000002   Code   RO         2500    i.SystemInit        system_stm32f1xx.o
    0x08006c04   0x08006c04   0x00000010   Code   RO         3737    i.TIM3_IRQHandler   stm32f1xx_it.o
    0x08006c14   0x08006c14   0x00000084   Code   RO          229    i.TIM_Base_SetConfig  stm32f1xx_hal_tim.o
    0x08006c98   0x08006c98   0x00000022   Code   RO          230    i.TIM_CCxChannelCmd  stm32f1xx_hal_tim.o
    0x08006cba   0x08006cba   0x00000016   Code   RO          240    i.TIM_ETR_SetConfig  stm32f1xx_hal_tim.o
    0x08006cd0   0x08006cd0   0x00000012   Code   RO          241    i.TIM_ITRx_SetConfig  stm32f1xx_hal_tim.o
    0x08006ce2   0x08006ce2   0x00000002   PAD
    0x08006ce4   0x08006ce4   0x00000060   Code   RO          242    i.TIM_OC1_SetConfig  stm32f1xx_hal_tim.o
    0x08006d44   0x08006d44   0x00000068   Code   RO          243    i.TIM_OC2_SetConfig  stm32f1xx_hal_tim.o
    0x08006dac   0x08006dac   0x00000068   Code   RO          244    i.TIM_OC3_SetConfig  stm32f1xx_hal_tim.o
    0x08006e14   0x08006e14   0x00000048   Code   RO          245    i.TIM_OC4_SetConfig  stm32f1xx_hal_tim.o
    0x08006e5c   0x08006e5c   0x00000026   Code   RO          247    i.TIM_TI1_ConfigInputStage  stm32f1xx_hal_tim.o
    0x08006e82   0x08006e82   0x00000028   Code   RO          249    i.TIM_TI2_ConfigInputStage  stm32f1xx_hal_tim.o
    0x08006eaa   0x08006eaa   0x00000002   PAD
    0x08006eac   0x08006eac   0x000001a8   Code   RO         4434    i.Turn              pid.o
    0x08007054   0x08007054   0x00000014   Code   RO         2169    i.UART_DMAAbortOnError  stm32f1xx_hal_uart.o
    0x08007068   0x08007068   0x00000050   Code   RO         2170    i.UART_DMAError     stm32f1xx_hal_uart.o
    0x080070b8   0x080070b8   0x000000b4   Code   RO         2171    i.UART_DMAReceiveCplt  stm32f1xx_hal_uart.o
    0x0800716c   0x0800716c   0x00000024   Code   RO         2173    i.UART_DMARxHalfCplt  stm32f1xx_hal_uart.o
    0x08007190   0x08007190   0x0000001c   Code   RO         2174    i.UART_DMARxOnlyAbortCallback  stm32f1xx_hal_uart.o
    0x080071ac   0x080071ac   0x0000006c   Code   RO         2179    i.UART_EndRxTransfer  stm32f1xx_hal_uart.o
    0x08007218   0x08007218   0x00000020   Code   RO         2180    i.UART_EndTransmit_IT  stm32f1xx_hal_uart.o
    0x08007238   0x08007238   0x00000026   Code   RO         2181    i.UART_EndTxTransfer  stm32f1xx_hal_uart.o
    0x0800725e   0x0800725e   0x000000fc   Code   RO         2182    i.UART_Receive_IT   stm32f1xx_hal_uart.o
    0x0800735a   0x0800735a   0x00000002   PAD
    0x0800735c   0x0800735c   0x000000fc   Code   RO         2183    i.UART_SetConfig    stm32f1xx_hal_uart.o
    0x08007458   0x08007458   0x000000c8   Code   RO         2184    i.UART_Start_Receive_DMA  stm32f1xx_hal_uart.o
    0x08007520   0x08007520   0x00000060   Code   RO         2186    i.UART_Transmit_IT  stm32f1xx_hal_uart.o
    0x08007580   0x08007580   0x0000008c   Code   RO         2187    i.UART_WaitOnFlagUntilTimeout  stm32f1xx_hal_uart.o
    0x0800760c   0x0800760c   0x00000058   Code   RO         3738    i.USART3_IRQHandler  stm32f1xx_it.o
    0x08007664   0x08007664   0x00000004   Code   RO         3739    i.UsageFault_Handler  stm32f1xx_it.o
    0x08007668   0x08007668   0x000000a8   Code   RO         4435    i.Velocity          pid.o
    0x08007710   0x08007710   0x00000044   Code   RO         4201    i.W25Q64_ReadData   w25q64.o
    0x08007754   0x08007754   0x00000028   Code   RO         5160    i.__ARM_fpclassify  m_ws.l(fpclassify.o)
    0x0800777c   0x0800777c   0x00000026   Code   RO         5061    i.__ARM_fpclassifyf  m_ws.l(fpclassifyf.o)
    0x080077a2   0x080077a2   0x00000002   PAD
    0x080077a4   0x080077a4   0x00000010   Code   RO         1613    i.__NVIC_GetPriorityGrouping  stm32f1xx_hal_cortex.o
    0x080077b4   0x080077b4   0x00000028   Code   RO         1614    i.__NVIC_SetPriority  stm32f1xx_hal_cortex.o
    0x080077dc   0x080077dc   0x000000aa   Code   RO         5168    i.__kernel_poly     m_ws.l(poly.o)
    0x08007886   0x08007886   0x00000006   Code   RO         5048    i.__mathlib_dbl_infnan  m_ws.l(dunder.o)
    0x0800788c   0x0800788c   0x00000004   Code   RO         5049    i.__mathlib_dbl_infnan2  m_ws.l(dunder.o)
    0x08007890   0x08007890   0x0000000e   Code   RO         5051    i.__mathlib_dbl_overflow  m_ws.l(dunder.o)
    0x0800789e   0x0800789e   0x00000002   PAD
    0x080078a0   0x080078a0   0x00000010   Code   RO         5053    i.__mathlib_dbl_underflow  m_ws.l(dunder.o)
    0x080078b0   0x080078b0   0x00000006   Code   RO         5064    i.__mathlib_flt_infnan  m_ws.l(funder.o)
    0x080078b6   0x080078b6   0x00000004   Code   RO         5065    i.__mathlib_flt_infnan2  m_ws.l(funder.o)
    0x080078ba   0x080078ba   0x00000008   Code   RO         5066    i.__mathlib_flt_invalid  m_ws.l(funder.o)
    0x080078c2   0x080078c2   0x0000000a   Code   RO         5069    i.__mathlib_flt_underflow  m_ws.l(funder.o)
    0x080078cc   0x080078cc   0x00000010   Code   RO         5162    i.__mathlib_narrow  m_ws.l(narrow.o)
    0x080078dc   0x080078dc   0x00000168   Code   RO         5078    i.__mathlib_rredf2  m_ws.l(rredf.o)
    0x08007a44   0x08007a44   0x000000bc   Code   RO         5163    i.__mathlib_tofloat  m_ws.l(narrow.o)
    0x08007b00   0x08007b00   0x00000016   Code   RO         5262    i.__support_ldexp   m_ws.l(ldexp.o)
    0x08007b16   0x08007b16   0x0000000e   Code   RO         4854    i._is_digit         c_w.l(__printf_wp.o)
    0x08007b24   0x08007b24   0x00000124   Code   RO         4941    i.asinf             m_ws.l(asinf.o)
    0x08007c48   0x08007c48   0x00000220   Code   RO         5038    i.atan              m_ws.l(atan.o)
    0x08007e68   0x08007e68   0x00000180   Code   RO         4949    i.atan2             m_ws.l(atan2.o)
    0x08007fe8   0x08007fe8   0x0000025c   Code   RO         4957    i.atan2f            m_ws.l(atan2f.o)
    0x08008244   0x08008244   0x0000017c   Code   RO         4965    i.cosf              m_ws.l(cosf.o)
    0x080083c0   0x080083c0   0x00000006   Code   RO         3669    i.ferror            usart.o
    0x080083c6   0x080083c6   0x00000002   PAD
    0x080083c8   0x080083c8   0x0000001c   Code   RO         3670    i.fputc             usart.o
    0x080083e4   0x080083e4   0x00000058   Code   RO         5243    i.frexp             m_ws.l(frexp.o)
    0x0800843c   0x0800843c   0x000000e4   Code   RO         4490    i.imu_GetData       angle.o
    0x08008520   0x08008520   0x0000004c   Code   RO         4491    i.invSqrt           angle.o
    0x0800856c   0x0800856c   0x00000074   Code   RO         5263    i.ldexp             m_ws.l(ldexp.o)
    0x080085e0   0x080085e0   0x000000a8   Code   RO         3469    i.main              main.o
    0x08008688   0x08008688   0x000000c0   Code   RO         3112    i.prvAddCurrentTaskToDelayedList  tasks.o
    0x08008748   0x08008748   0x000000e4   Code   RO         3113    i.prvAddNewTaskToReadyList  tasks.o
    0x0800882c   0x0800882c   0x00000048   Code   RO         3114    i.prvCheckTasksWaitingTermination  tasks.o
    0x08008874   0x08008874   0x00000012   Code   RO         3115    i.prvDeleteTCB      tasks.o
    0x08008886   0x08008886   0x00000002   PAD
    0x08008888   0x08008888   0x00000070   Code   RO         2619    i.prvHeapInit       heap_4.o
    0x080088f8   0x080088f8   0x00000028   Code   RO         3116    i.prvIdleTask       tasks.o
    0x08008920   0x08008920   0x0000007a   Code   RO         3117    i.prvInitialiseNewTask  tasks.o
    0x0800899a   0x0800899a   0x00000002   PAD
    0x0800899c   0x0800899c   0x00000068   Code   RO         3118    i.prvInitialiseTaskLists  tasks.o
    0x08008a04   0x08008a04   0x00000068   Code   RO         2620    i.prvInsertBlockIntoFreeList  heap_4.o
    0x08008a6c   0x08008a6c   0x00000030   Code   RO         3119    i.prvResetNextTaskUnblockTime  tasks.o
    0x08008a9c   0x08008a9c   0x00000016   Code   RO         2534    i.prvTaskExitError  port.o
    0x08008ab2   0x08008ab2   0x00000002   PAD
    0x08008ab4   0x08008ab4   0x000000e4   Code   RO         2622    i.pvPortMalloc      heap_4.o
    0x08008b98   0x08008b98   0x00000024   Code   RO         2535    i.pxPortInitialiseStack  port.o
    0x08008bbc   0x08008bbc   0x00000218   Code   RO         4275    i.rxdata_deal       blueteeth.o
    0x08008dd4   0x08008dd4   0x00000028   Code   RO         4276    i.rxpin_init        blueteeth.o
    0x08008dfc   0x08008dfc   0x00000188   Code   RO         4973    i.sinf              m_ws.l(sinf.o)
    0x08008f84   0x08008f84   0x0000004c   Code   RO         4981    i.sqrt              m_ws.l(sqrt.o)
    0x08008fd0   0x08008fd0   0x0000002c   Code   RO         4989    i.sqrtf             m_ws.l(sqrtf.o)
    0x08008ffc   0x08008ffc   0x00000028   Code   RO         2799    i.uxListRemove      list.o
    0x08009024   0x08009024   0x0000001a   Code   RO         2800    i.vListInitialise   list.o
    0x0800903e   0x0800903e   0x00000006   Code   RO         2801    i.vListInitialiseItem  list.o
    0x08009044   0x08009044   0x00000034   Code   RO         2802    i.vListInsert       list.o
    0x08009078   0x08009078   0x00000018   Code   RO         2803    i.vListInsertEnd    list.o
    0x08009090   0x08009090   0x00000024   Code   RO         2537    i.vPortEnterCritical  port.o
    0x080090b4   0x080090b4   0x00000020   Code   RO         2538    i.vPortExitCritical  port.o
    0x080090d4   0x080090d4   0x0000004c   Code   RO         2623    i.vPortFree         heap_4.o
    0x08009120   0x08009120   0x00000018   Code   RO         2539    i.vPortSetupTimerInterrupt  port.o
    0x08009138   0x08009138   0x00000034   Code   RO         3127    i.vTaskDelay        tasks.o
    0x0800916c   0x0800916c   0x000000d4   Code   RO         3128    i.vTaskDelete       tasks.o
    0x08009240   0x08009240   0x0000006c   Code   RO         3139    i.vTaskStartScheduler  tasks.o
    0x080092ac   0x080092ac   0x00000010   Code   RO         3141    i.vTaskSuspendAll   tasks.o
    0x080092bc   0x080092bc   0x00000060   Code   RO         3142    i.vTaskSwitchContext  tasks.o
    0x0800931c   0x0800931c   0x00000034   Code   RO         2540    i.xPortStartScheduler  port.o
    0x08009350   0x08009350   0x00000034   Code   RO         2541    i.xPortSysTickHandler  port.o
    0x08009384   0x08009384   0x00000068   Code   RO         3145    i.xTaskCreate       tasks.o
    0x080093ec   0x080093ec   0x00000074   Code   RO         3146    i.xTaskDelayUntil   tasks.o
    0x08009460   0x08009460   0x00000020   Code   RO         3152    i.xTaskGetSchedulerState  tasks.o
    0x08009480   0x08009480   0x0000000c   Code   RO         3153    i.xTaskGetTickCount  tasks.o
    0x0800948c   0x0800948c   0x00000190   Code   RO         3155    i.xTaskIncrementTick  tasks.o
    0x0800961c   0x0800961c   0x0000015c   Code   RO         3157    i.xTaskResumeAll    tasks.o
    0x08009778   0x08009778   0x0000002c   Code   RO         5142    locale$$code        c_w.l(lc_numeric_c.o)
    0x080097a4   0x080097a4   0x0000002c   Code   RO         5253    locale$$code        c_w.l(lc_ctype_c.o)
    0x080097d0   0x080097d0   0x00000062   Code   RO         4880    x$fpl$d2f           fz_ws.l(d2f.o)
    0x08009832   0x08009832   0x00000002   PAD
    0x08009834   0x08009834   0x00000150   Code   RO         4882    x$fpl$dadd          fz_ws.l(daddsub_clz.o)
    0x08009984   0x08009984   0x00000010   Code   RO         5236    x$fpl$dcheck1       fz_ws.l(dcheck1.o)
    0x08009994   0x08009994   0x00000018   Code   RO         5016    x$fpl$dcmpinf       fz_ws.l(dcmpi.o)
    0x080099ac   0x080099ac   0x000002b0   Code   RO         4889    x$fpl$ddiv          fz_ws.l(ddiv.o)
    0x08009c5c   0x08009c5c   0x00000078   Code   RO         5238    x$fpl$deqf          fz_ws.l(deqf.o)
    0x08009cd4   0x08009cd4   0x0000005e   Code   RO         4892    x$fpl$dfix          fz_ws.l(dfix.o)
    0x08009d32   0x08009d32   0x0000002e   Code   RO         4897    x$fpl$dflt          fz_ws.l(dflt_clz.o)
    0x08009d60   0x08009d60   0x00000078   Code   RO         4902    x$fpl$dleqf         fz_ws.l(dleqf.o)
    0x08009dd8   0x08009dd8   0x00000154   Code   RO         4904    x$fpl$dmul          fz_ws.l(dmul.o)
    0x08009f2c   0x08009f2c   0x0000009c   Code   RO         5018    x$fpl$dnaninf       fz_ws.l(dnaninf.o)
    0x08009fc8   0x08009fc8   0x0000000c   Code   RO         5020    x$fpl$dretinf       fz_ws.l(dretinf.o)
    0x08009fd4   0x08009fd4   0x0000006c   Code   RO         4906    x$fpl$drleqf        fz_ws.l(drleqf.o)
    0x0800a040   0x0800a040   0x00000016   Code   RO         4883    x$fpl$drsb          fz_ws.l(daddsub_clz.o)
    0x0800a056   0x0800a056   0x00000002   PAD
    0x0800a058   0x0800a058   0x000001cc   Code   RO         5022    x$fpl$dsqrt         fz_ws.l(dsqrt_noumaal.o)
    0x0800a224   0x0800a224   0x000001d4   Code   RO         4884    x$fpl$dsub          fz_ws.l(daddsub_clz.o)
    0x0800a3f8   0x0800a3f8   0x00000056   Code   RO         4908    x$fpl$f2d           fz_ws.l(f2d.o)
    0x0800a44e   0x0800a44e   0x00000002   PAD
    0x0800a450   0x0800a450   0x000000c4   Code   RO         4910    x$fpl$fadd          fz_ws.l(faddsub_clz.o)
    0x0800a514   0x0800a514   0x0000000c   Code   RO         5144    x$fpl$fcheck1       fz_ws.l(fcheck1.o)
    0x0800a520   0x0800a520   0x00000018   Code   RO         5024    x$fpl$fcmpinf       fz_ws.l(fcmpi.o)
    0x0800a538   0x0800a538   0x00000184   Code   RO         4917    x$fpl$fdiv          fz_ws.l(fdiv.o)
    0x0800a6bc   0x0800a6bc   0x00000036   Code   RO         4920    x$fpl$ffix          fz_ws.l(ffix.o)
    0x0800a6f2   0x0800a6f2   0x00000002   PAD
    0x0800a6f4   0x0800a6f4   0x00000030   Code   RO         4925    x$fpl$fflt          fz_ws.l(fflt_clz.o)
    0x0800a724   0x0800a724   0x00000026   Code   RO         4924    x$fpl$ffltu         fz_ws.l(fflt_clz.o)
    0x0800a74a   0x0800a74a   0x00000002   PAD
    0x0800a74c   0x0800a74c   0x00000068   Code   RO         4930    x$fpl$fleqf         fz_ws.l(fleqf.o)
    0x0800a7b4   0x0800a7b4   0x00000102   Code   RO         4932    x$fpl$fmul          fz_ws.l(fmul.o)
    0x0800a8b6   0x0800a8b6   0x0000008c   Code   RO         5026    x$fpl$fnaninf       fz_ws.l(fnaninf.o)
    0x0800a942   0x0800a942   0x0000000a   Code   RO         5028    x$fpl$fretinf       fz_ws.l(fretinf.o)
    0x0800a94c   0x0800a94c   0x00000062   Code   RO         4934    x$fpl$frleqf        fz_ws.l(frleqf.o)
    0x0800a9ae   0x0800a9ae   0x00000002   PAD
    0x0800a9b0   0x0800a9b0   0x00000060   Code   RO         5030    x$fpl$frnd          fz_ws.l(frnd.o)
    0x0800aa10   0x0800aa10   0x00000014   Code   RO         4911    x$fpl$frsb          fz_ws.l(faddsub_clz.o)
    0x0800aa24   0x0800aa24   0x00000110   Code   RO         5032    x$fpl$fsqrt         fz_ws.l(fsqrt.o)
    0x0800ab34   0x0800ab34   0x000000ea   Code   RO         4912    x$fpl$fsub          fz_ws.l(faddsub_clz.o)
    0x0800ac1e   0x0800ac1e   0x00000006   Code   RO         5150    x$fpl$ieeestatus    fz_ws.l(istatus.o)
    0x0800ac24   0x0800ac24   0x00000004   Code   RO         4936    x$fpl$printf1       fz_ws.l(printf1.o)
    0x0800ac28   0x0800ac28   0x00000064   Code   RO         5240    x$fpl$retnan        fz_ws.l(retnan.o)
    0x0800ac8c   0x0800ac8c   0x0000005c   Code   RO         5152    x$fpl$scalbn        fz_ws.l(scalbn.o)
    0x0800ace8   0x0800ace8   0x0000004c   Code   RO         5034    x$fpl$scalbnf       fz_ws.l(scalbnf.o)
    0x0800ad34   0x0800ad34   0x00000004   Code   RO         4938    x$fpl$scanf1        fz_ws.l(scanf1.o)
    0x0800ad38   0x0800ad38   0x00000008   Code   RO         5154    x$fpl$scanf2        fz_ws.l(scanf2.o)
    0x0800ad40   0x0800ad40   0x00000030   Code   RO         5259    x$fpl$trapveneer    fz_ws.l(trapv.o)
    0x0800ad70   0x0800ad70   0x00000000   Code   RO         5036    x$fpl$usenofp       fz_ws.l(usenofp.o)
    0x0800ad70   0x0800ad70   0x00000012   Data   RO         1307    .constdata          stm32f1xx_hal_rcc.o
    0x0800ad82   0x0800ad82   0x00000018   Data   RO         2501    .constdata          system_stm32f1xx.o
    0x0800ad9a   0x0800ad9a   0x00000006   PAD
    0x0800ada0   0x0800ada0   0x00000098   Data   RO         5039    .constdata          m_ws.l(atan.o)
    0x0800ae38   0x0800ae38   0x00000008   Data   RO         5077    .constdata          m_ws.l(qnan.o)
    0x0800ae40   0x0800ae40   0x00000020   Data   RO         5079    .constdata          m_ws.l(rredf.o)
    0x0800ae60   0x0800ae60   0x00000094   Data   RO         5117    .constdata          c_w.l(bigflt0.o)
    0x0800aef4   0x0800aef4   0x00000020   Data   RO         5346    Region$$Table       anon$$obj.o
    0x0800af14   0x0800af14   0x00000008   Data   RO         5146    c$$dinf             fz_ws.l(fpconst.o)
    0x0800af1c   0x0800af1c   0x00000008   Data   RO         5149    c$$dmax             fz_ws.l(fpconst.o)
    0x0800af24   0x0800af24   0x0000001c   Data   RO         5141    locale$$data        c_w.l(lc_numeric_c.o)
    0x0800af40   0x0800af40   0x00000110   Data   RO         5252    locale$$data        c_w.l(lc_ctype_c.o)


    Execution Region RW_IRAM1 (Exec base: 0x20000000, Load base: 0x0800b050, Size: 0x00004f28, Max: 0x00005000, ABSOLUTE, COMPRESSED[0x0000005c])

    Exec Addr    Load Addr    Size         Type   Attr      Idx    E Section Name        Object

    0x20000000   COMPRESSED   0x00000009   Data   RW         1143    .data               stm32f1xx_hal.o
    0x20000009   COMPRESSED   0x00000003   PAD
    0x2000000c   COMPRESSED   0x00000004   Data   RW         2502    .data               system_stm32f1xx.o
    0x20000010   COMPRESSED   0x00000004   Data   RW         2542    .data               port.o
    0x20000014   COMPRESSED   0x0000001c   Data   RW         2629    .data               heap_4.o
    0x20000030   COMPRESSED   0x00000040   Data   RW         3160    .data               tasks.o
    0x20000070   COMPRESSED   0x00000004   Data   RW         3672    .data               usart.o
    0x20000074   COMPRESSED   0x00000004   Data   RW         3876    .data               encoder.o
    0x20000078   COMPRESSED   0x000000dc   Data   RW         3966    .data               mpu9520.o
    0x20000154   COMPRESSED   0x00000004   Data   RW         4278    .data               blueteeth.o
    0x20000158   COMPRESSED   0x00000048   Data   RW         4436    .data               pid.o
    0x200001a0   COMPRESSED   0x000000b1   Data   RW         4493    .data               angle.o
    0x20000251   COMPRESSED   0x00000003   PAD
    0x20000254   COMPRESSED   0x0000014d   Data   RW         4541    .data               position.o
    0x200003a1   COMPRESSED   0x00000003   PAD
    0x200003a4   COMPRESSED   0x00000010   Data   RW         4590    .data               car.o
    0x200003b4        -       0x00004400   Zero   RW         2628    .bss                heap_4.o
    0x200047b4        -       0x000000c8   Zero   RW         3159    .bss                tasks.o
    0x2000487c        -       0x000000d8   Zero   RW         3601    .bss                tim.o
    0x20004954        -       0x000000d4   Zero   RW         3671    .bss                usart.o
    0x20004a28        -       0x00000048   Zero   RW         3839    .bss                stm32f1xx_hal_timebase_tim.o
    0x20004a70        -       0x00000024   Zero   RW         3965    .bss                mpu9520.o
    0x20004a94        -       0x000000c4   Zero   RW         4277    .bss                blueteeth.o
    0x20004b58        -       0x00000018   Zero   RW         4492    .bss                angle.o
    0x20004b70        -       0x00000130   Zero   RW         4540    .bss                position.o
    0x20004ca0        -       0x00000060   Zero   RW         5171    .bss                c_w.l(libspace.o)
    0x20004d00        -       0x00000126   Zero   RW            2    HEAP                startup_stm32f103xb.o
    0x20004e26   COMPRESSED   0x00000002   PAD
    0x20004e28        -       0x00000100   Zero   RW            1    STACK               startup_stm32f103xb.o


==============================================================================

Image component sizes


      Code (inc. data)   RO Data    RW Data    ZI Data      Debug   Object Name

      4028        328          0        177         24       4338   angle.o
       704        108          0          4        196     354865   blueteeth.o
       416        132          0         16          0      13554   car.o
        28          0          0          0          0        886   delay.o
        52          4          0          0          0        686   dma.o
        72         16          0          4          0        655   encoder.o
       268         14          0          0          0        923   gpio.o
       520         58          0         28      17408      12859   heap_4.o
       148          0          0          0          0       3098   list.o
       300         22          0          0          0       2436   main.o
       356         34          0          0          0       2455   motor.o
      1312         74          0        220         36      22185   mpu9520.o
       396         18          0          0          0       5354   myi2c.o
       156         16          0          0          0       3201   myspi.o
      1152        204          0         72          0       3170   pid.o
       404         48          0          4          0      10928   port.o
       864        118          0        333        304       2615   position.o
        64         26        236          0        550        784   startup_stm32f103xb.o
       116         24          0          9          0       5046   stm32f1xx_hal.o
       252         22          0          0          0      28498   stm32f1xx_hal_cortex.o
       978         12          0          0          0       4662   stm32f1xx_hal_dma.o
       828         34          0          0          0       3199   stm32f1xx_hal_gpio.o
         0          0          0          0          0     425324   stm32f1xx_hal_gpio_ex.o
        96         10          0          0          0        838   stm32f1xx_hal_msp.o
      1816        108         18          0          0       6329   stm32f1xx_hal_rcc.o
      2498         60          0          0          0      16995   stm32f1xx_hal_tim.o
       252         14          0          0          0       3073   stm32f1xx_hal_tim_ex.o
       180         22          0          0         72       1379   stm32f1xx_hal_timebase_tim.o
      2780         26          0          0          0      16721   stm32f1xx_hal_uart.o
       158         24          0          0          0       4660   stm32f1xx_it.o
         2          0         24          4          0       1035   system_stm32f1xx.o
      2320        322          0         64        200      28068   tasks.o
       816         60          0          0        216       4188   tim.o
       466         54          0          4        212       4439   usart.o
        68          0          0          0          0        986   w25q64.o

    ----------------------------------------------------------------------
     24900       2012        316        948      19220    1000432   Object Totals
         0          0         32          0          0          0   (incl. Generated)
        34          0          6          9          2          0   (incl. Padding)

    ----------------------------------------------------------------------

      Code (inc. data)   RO Data    RW Data    ZI Data      Debug   Library Member Name

       156          0          0          0          0      19582   arm_mat_add_f32.o
         8          0          0          0          0        951   arm_mat_init_f32.o
       862          0          0          0          0       4386   arm_mat_inverse_f32.o
       244          0          0          0          0       2151   arm_mat_mult_f32.o
       156          0          0          0          0       1514   arm_mat_sub_f32.o
       132          0          0          0          0       1716   arm_mat_trans_f32.o
        60          8          0          0          0         84   __0sscanf.o
        90          0          0          0          0          0   __dczerorl2.o
         8          0          0          0          0         68   __main.o
       284          0          0          0          0        156   __printf_wp.o
         0          0          0          0          0          0   __rtentry.o
        12          0          0          0          0          0   __rtentry2.o
         6          0          0          0          0          0   __rtentry4.o
        52          8          0          0          0          0   __scatter.o
        28          0          0          0          0          0   __scatter_zi.o
        28          0          0          0          0         68   _chval.o
        48          6          0          0          0         96   _printf_char_common.o
        36          4          0          0          0         80   _printf_char_file.o
         6          0          0          0          0          0   _printf_f.o
      1054          0          0          0          0        216   _printf_fp_dec.o
       128         16          0          0          0         84   _printf_fp_infnan.o
         0          0          0          0          0          0   _printf_percent.o
         4          0          0          0          0          0   _printf_percent_end.o
        22          0          0          0          0        100   _rserrno.o
       884          6          0          0          0        100   _scanf.o
        64          0          0          0          0         84   _sgetc.o
       228          4        148          0          0         96   bigflt0.o
      2152        136          0          0          0        960   btod.o
        18          0          0          0          0         80   exit.o
         6          0          0          0          0        152   heapauxi.o
         0          0          0          0          0          0   indicate_semi.o
        18          0          0          0          0         76   isspace.o
        44         10        272          0          0         76   lc_ctype_c.o
        44         10         28          0          0         76   lc_numeric_c.o
         2          0          0          0          0          0   libinit.o
        30          0          0          0          0          0   libinit2.o
         2          0          0          0          0          0   libshutdown.o
         2          0          0          0          0          0   libshutdown2.o
         8          4          0          0         96         68   libspace.o
        38          0          0          0          0         68   llshl.o
       138          0          0          0          0         80   lludiv10.o
        24          4          0          0          0         84   noretval__2printf.o
        16          4          0          0          0         76   rt_ctype_table.o
         8          4          0          0          0         68   rt_errno_addr_intlibspace.o
         8          4          0          0          0         68   rt_locale_intlibspace.o
        78          0          0          0          0         80   rt_memclr_w.o
         2          0          0          0          0          0   rtexit.o
        10          0          0          0          0          0   rtexit2.o
        44          8          0          0          0         84   scanf_char.o
      1272         16          0          0          0        168   scanf_fp.o
       800         14          0          0          0        100   scanf_hexfp.o
       308         16          0          0          0        100   scanf_infnan.o
       128          0          0          0          0         68   strcmpv7m.o
        12          4          0          0          0         68   sys_exit.o
        74          0          0          0          0         80   sys_stackheap_outer.o
         2          0          0          0          0         68   use_no_semi.o
        98          4          0          0          0         92   d2f.o
       826         16          0          0          0        348   daddsub_clz.o
        16          4          0          0          0         68   dcheck1.o
        24          0          0          0          0         68   dcmpi.o
       688        140          0          0          0        208   ddiv.o
       120          4          0          0          0         92   deqf.o
        94          4          0          0          0         92   dfix.o
        46          0          0          0          0         68   dflt_clz.o
       120          4          0          0          0         92   dleqf.o
       340         12          0          0          0        104   dmul.o
       156          4          0          0          0         92   dnaninf.o
        12          0          0          0          0         68   dretinf.o
       108          0          0          0          0         80   drleqf.o
       460         56          0          0          0        120   dsqrt_noumaal.o
        86          4          0          0          0         84   f2d.o
       450          8          0          0          0        236   faddsub_clz.o
        12          4          0          0          0         68   fcheck1.o
        24          0          0          0          0         68   fcmpi.o
       388         76          0          0          0         96   fdiv.o
        54          4          0          0          0         84   ffix.o
        86          0          0          0          0        136   fflt_clz.o
       104          4          0          0          0         84   fleqf.o
       258          4          0          0          0         84   fmul.o
       140          4          0          0          0         84   fnaninf.o
         0          0         16          0          0          0   fpconst.o
        10          0          0          0          0         68   fretinf.o
        98          0          0          0          0         68   frleqf.o
        96          4          0          0          0         76   frnd.o
       272        100          0          0          0         88   fsqrt.o
         6          0          0          0          0         68   istatus.o
         4          0          0          0          0         68   printf1.o
       100          0          0          0          0         68   retnan.o
        92          0          0          0          0         68   scalbn.o
        76          0          0          0          0         68   scalbnf.o
         4          0          0          0          0         68   scanf1.o
         8          0          0          0          0         84   scanf2.o
        48          0          0          0          0         68   trapv.o
         0          0          0          0          0          0   usenofp.o
       292         38          0          0          0        120   asinf.o
       544         70        152          0          0        124   atan.o
       384         38          0          0          0        144   atan2.o
       604         76          0          0          0        116   atan2f.o
       380         52          0          0          0        124   cosf.o
        40          6          0          0          0        272   dunder.o
        40          0          0          0          0         68   fpclassify.o
        38          0          0          0          0         68   fpclassifyf.o
        88          8          0          0          0         76   frexp.o
        28          0          0          0          0        272   funder.o
       138          0          0          0          0        160   ldexp.o
       204          4          0          0          0        168   narrow.o
       170          0          0          0          0         96   poly.o
         0          0          8          0          0          0   qnan.o
       360         16         32          0          0         88   rredf.o
       392         54          0          0          0        124   sinf.o
        76          0          0          0          0         84   sqrt.o
        44          0          0          0          0         80   sqrtf.o

    ----------------------------------------------------------------------
     19264       1110        656          0         96      39940   Library Totals
        30          2          0          0          0          0   (incl. Padding)

    ----------------------------------------------------------------------

      Code (inc. data)   RO Data    RW Data    ZI Data      Debug   Library Name

      1558          0          0          0          0      30300   arm_cortexM3l_math.lib
      8330        286        448          0         96       3980   c_w.l
      5524        460         16          0          0       3476   fz_ws.l
      3822        362        192          0          0       2184   m_ws.l

    ----------------------------------------------------------------------
     19264       1110        656          0         96      39940   Library Totals

    ----------------------------------------------------------------------

==============================================================================


      Code (inc. data)   RO Data    RW Data    ZI Data      Debug   

     44164       3122        972        948      19316    1024612   Grand Totals
     44164       3122        972         92      19316    1024612   ELF Image Totals (compressed)
     44164       3122        972         92          0          0   ROM Totals

==============================================================================

    Total RO  Size (Code + RO Data)                45136 (  44.08kB)
    Total RW  Size (RW Data + ZI Data)             20264 (  19.79kB)
    Total ROM Size (Code + RO Data + RW Data)      45228 (  44.17kB)

==============================================================================

